2025-11-28 13:21:22,097 - train_greyscale_MoE.py - ckpt_root: output_shift/acdc_wholeheart_uncond_2MoE_greyscale_uvit_mid_4by4_Y_bound/ckpts
dataset:
  SNR_scale: 4.0
  Y_bound: !!python/tuple
  - 502.5
  Y_entropy: !!python/tuple
  - 5.883
  - 3.501
  - 3.575
  - 2.418
  - 2.75
  - 2.341
  - 1.479
  - 2.017
  - 2.044
  - 1.453
  - 1.316
  - 1.586
  - 1.365
  - 1.174
  - 1.108
  - 1.0
  Y_max: !!python/tuple
  - 262.0
  - 112.375
  - 125.812
  - 49.0
  - 58.5
  - 46.5
  - 20.344
  - 32.906
  - 33.406
  - 19.953
  - 15.953
  - 22.0
  - 16.984
  - 12.812
  - 11.68
  - 7.461
  Y_mean: !!python/tuple
  - -270.982
  - -0.725
  - 0.44
  - 0.107
  - 0.009
  - 0.154
  - -0.058
  - 0.0
  - -0.008
  - 0.019
  - 0.009
  - -0.012
  - 0.005
  - 0.002
  - 0.004
  - -0.002
  Y_min: !!python/tuple
  - -502.5
  - -119.312
  - -122.375
  - -51.25
  - -58.906
  - -49.5
  - -20.703
  - -32.906
  - -33.094
  - -19.891
  - -15.891
  - -21.75
  - -16.969
  - -12.773
  - -11.648
  - -7.492
  Y_std: !!python/tuple
  - 182.433
  - 32.822
  - 34.997
  - 14.001
  - 17.621
  - 13.189
  - 5.791
  - 9.609
  - 9.805
  - 5.653
  - 4.634
  - 6.503
  - 4.964
  - 3.796
  - 3.44
  - 2.178
  block_sz: 4
  cache: true
  cache_name: acdc_uncond_wholeheart_4Y
  dataset_type: wholeheart
  greyscale: true
  low_freqs: 12
  name: acdc_uncond
  path: data/scratch/datasets/ACDC/Unlabeled/Wholeheart
  resolution: 96
  reweight: true
  reweight_dim: 1
  temperature: 0.0
  tokens: 144
eval:
  cleanup_samples: true
  eval_start: 110000
  is_batch_size: 32
  lpips_batch_size: 32
  mini_batch_size: 500
  n_samples: 50000
  sample_steps: 100
eval_dir: output/evaluation/uncond_4by4_low16_new
lr_scheduler:
  name: customized
  warmup_steps: 5000
mixed_precision: 'no'
name: acdc_wholeheart_uncond_uvit_greyscale_mid_4by4
nnet:
  MoE:
    aux_loss_alpha: 0.001
    depth: 2
    noise_eps: 0.01
    num_experts: 4
    router: topk
    top_k: 2
    type: normal
  depth: 16
  embed_dim: 768
  low_freqs: 12
  mlp_ratio: 4
  mlp_time_embed: true
  name: uvit_greyscale_moe
  num_classes: -1
  num_heads: 12
  qkv_bias: false
  tokens: 144
  use_moe: true
optimizer:
  betas: !!python/tuple
  - 0.99
  - 0.99
  lr: 0.0002
  name: adamw
  weight_decay: 0.03
pred: noise_pred
private:
  accountant: prv
  dp_method: dpsgd
  max_grad_norm: 1.0
  noise_multiplier: 0.5
  secure_mode: false
  target_delta: 1.0e-05
  target_epsilon: 10
  use_dp: false
sample:
  algorithm: euler_maruyama_ode
  mini_batch_size: 500
  n_samples: 50000
  path: data/scratch/samples
  sample_steps: 100
  save_npz: ''
  save_start: 100000
sample_dir: output_shift/acdc_wholeheart_uncond_2MoE_greyscale_uvit_mid_4by4_Y_bound/samples
seed: 1234
train:
  batch_size: 512
  eval_interval: 25000
  log_interval: 100
  mode: uncond
  n_steps: 500000
  save_interval: 25000
workdir: output_shift/acdc_wholeheart_uncond_2MoE_greyscale_uvit_mid_4by4_Y_bound

2025-11-28 13:22:04,869 - train_greyscale_MoE.py - dataset samples: 25022
2025-11-28 13:22:14,430 - utils.py - nnet has 163148592 parameters
2025-11-28 13:22:15,119 - train_greyscale_MoE.py - using [5.883 3.501 3.575 2.418 2.75  2.341 1.479 2.017 2.044 1.453 1.316 1.586
 1.365 1.174 1.108 1.   ] for Y_loss reweighting
2025-11-28 13:22:15,141 - train_greyscale_MoE.py - Using temperature 0.0 for loss reweighting
2025-11-28 13:22:15,174 - train_greyscale_MoE.py - Start fitting, step=0, mixed_precision=no
2025-11-29 10:35:21,213 - train_greyscale_MoE.py - ckpt_root: output_shift/acdc_wholeheart_uncond_2MoE_greyscale_uvit_mid_4by4_Y_bound/ckpts
dataset:
  SNR_scale: 4.0
  Y_bound: !!python/tuple
  - 502.5
  Y_entropy: !!python/tuple
  - 5.883
  - 3.501
  - 3.575
  - 2.418
  - 2.75
  - 2.341
  - 1.479
  - 2.017
  - 2.044
  - 1.453
  - 1.316
  - 1.586
  - 1.365
  - 1.174
  - 1.108
  - 1.0
  Y_max: !!python/tuple
  - 262.0
  - 112.375
  - 125.812
  - 49.0
  - 58.5
  - 46.5
  - 20.344
  - 32.906
  - 33.406
  - 19.953
  - 15.953
  - 22.0
  - 16.984
  - 12.812
  - 11.68
  - 7.461
  Y_mean: !!python/tuple
  - -270.982
  - -0.725
  - 0.44
  - 0.107
  - 0.009
  - 0.154
  - -0.058
  - 0.0
  - -0.008
  - 0.019
  - 0.009
  - -0.012
  - 0.005
  - 0.002
  - 0.004
  - -0.002
  Y_min: !!python/tuple
  - -502.5
  - -119.312
  - -122.375
  - -51.25
  - -58.906
  - -49.5
  - -20.703
  - -32.906
  - -33.094
  - -19.891
  - -15.891
  - -21.75
  - -16.969
  - -12.773
  - -11.648
  - -7.492
  Y_std: !!python/tuple
  - 182.433
  - 32.822
  - 34.997
  - 14.001
  - 17.621
  - 13.189
  - 5.791
  - 9.609
  - 9.805
  - 5.653
  - 4.634
  - 6.503
  - 4.964
  - 3.796
  - 3.44
  - 2.178
  block_sz: 4
  cache: true
  cache_name: acdc_uncond_wholeheart_4Y
  dataset_type: wholeheart
  greyscale: true
  low_freqs: 12
  name: acdc_uncond
  path: data/scratch/datasets/ACDC/Unlabeled/Wholeheart
  resolution: 96
  reweight: true
  reweight_dim: 1
  temperature: 0.0
  tokens: 144
eval:
  cleanup_samples: true
  eval_start: 110000
  is_batch_size: 32
  lpips_batch_size: 32
  mini_batch_size: 500
  n_samples: 50000
  sample_steps: 100
eval_dir: output/evaluation/uncond_4by4_low16_new
lr_scheduler:
  name: customized
  warmup_steps: 5000
mixed_precision: 'no'
name: acdc_wholeheart_uncond_uvit_greyscale_mid_4by4
nnet:
  MoE:
    aux_loss_alpha: 0.001
    depth: 2
    noise_eps: 0.01
    num_experts: 4
    router: topk
    top_k: 2
    type: normal
  depth: 16
  embed_dim: 768
  low_freqs: 12
  mlp_ratio: 4
  mlp_time_embed: true
  name: uvit_greyscale_moe
  num_classes: -1
  num_heads: 12
  qkv_bias: false
  tokens: 144
  use_moe: true
optimizer:
  betas: !!python/tuple
  - 0.99
  - 0.99
  lr: 0.0002
  name: adamw
  weight_decay: 0.03
pred: noise_pred
private:
  accountant: prv
  dp_method: dpsgd
  max_grad_norm: 1.0
  noise_multiplier: 0.5
  secure_mode: false
  target_delta: 1.0e-05
  target_epsilon: 10
  use_dp: false
sample:
  algorithm: euler_maruyama_ode
  mini_batch_size: 500
  n_samples: 50000
  path: data/scratch/samples
  sample_steps: 100
  save_npz: ''
  save_start: 100000
sample_dir: output_shift/acdc_wholeheart_uncond_2MoE_greyscale_uvit_mid_4by4_Y_bound/samples
seed: 1234
train:
  batch_size: 512
  eval_interval: 25000
  log_interval: 100
  mode: uncond
  n_steps: 500000
  save_interval: 25000
workdir: output_shift/acdc_wholeheart_uncond_2MoE_greyscale_uvit_mid_4by4_Y_bound

2025-11-29 10:35:22,512 - train_greyscale_MoE.py - dataset samples: 25022
2025-11-29 10:35:31,188 - utils.py - nnet has 163148592 parameters
2025-11-29 10:35:31,871 - train_greyscale_MoE.py - using [5.883 3.501 3.575 2.418 2.75  2.341 1.479 2.017 2.044 1.453 1.316 1.586
 1.365 1.174 1.108 1.   ] for Y_loss reweighting
2025-11-29 10:35:31,880 - train_greyscale_MoE.py - Using temperature 0.0 for loss reweighting
2025-11-29 10:35:31,893 - train_greyscale_MoE.py - Start fitting, step=0, mixed_precision=no
2025-11-29 10:39:36,742 - train_greyscale_MoE.py - {'step': '100', 'lr': '4e-06', 'total_loss': '0.744607', 'main_loss': '0.739124', 'aux_loss': '5.48333', 'time_per_step': '2.12715'}
2025-11-29 10:43:21,722 - train_greyscale_MoE.py - {'step': '200', 'lr': '8e-06', 'total_loss': '0.316153', 'main_loss': '0.310832', 'aux_loss': '5.32073', 'time_per_step': '2.15392'}
2025-11-29 10:47:06,878 - train_greyscale_MoE.py - {'step': '300', 'lr': '1.2e-05', 'total_loss': '0.165518', 'main_loss': '0.159663', 'aux_loss': '5.8559', 'time_per_step': '2.14292'}
2025-11-29 10:50:52,395 - train_greyscale_MoE.py - {'step': '400', 'lr': '1.6e-05', 'total_loss': '0.129699', 'main_loss': '0.125414', 'aux_loss': '4.28503', 'time_per_step': '2.16988'}
2025-11-29 10:54:37,483 - train_greyscale_MoE.py - {'step': '500', 'lr': '2e-05', 'total_loss': '0.0877123', 'main_loss': '0.0833387', 'aux_loss': '4.37359', 'time_per_step': '2.17921'}
2025-11-29 10:58:22,609 - train_greyscale_MoE.py - {'step': '600', 'lr': '2.4e-05', 'total_loss': '0.0820672', 'main_loss': '0.0780831', 'aux_loss': '3.98411', 'time_per_step': '2.17645'}
2025-11-29 11:02:07,807 - train_greyscale_MoE.py - {'step': '700', 'lr': '2.8e-05', 'total_loss': '0.0661865', 'main_loss': '0.0622042', 'aux_loss': '3.9823', 'time_per_step': '2.17637'}
2025-11-29 11:05:53,688 - train_greyscale_MoE.py - {'step': '800', 'lr': '3.2e-05', 'total_loss': '0.0811377', 'main_loss': '0.0771854', 'aux_loss': '3.95229', 'time_per_step': '2.1698'}
2025-11-29 11:09:39,909 - train_greyscale_MoE.py - {'step': '900', 'lr': '3.6e-05', 'total_loss': '0.0694864', 'main_loss': '0.06552', 'aux_loss': '3.96646', 'time_per_step': '2.18935'}
2025-11-29 11:13:25,570 - train_greyscale_MoE.py - {'step': '1000', 'lr': '4e-05', 'total_loss': '0.0629987', 'main_loss': '0.0590345', 'aux_loss': '3.96421', 'time_per_step': '2.18626'}
2025-11-29 11:17:10,007 - train_greyscale_MoE.py - {'step': '1100', 'lr': '4.4e-05', 'total_loss': '0.0633248', 'main_loss': '0.0593704', 'aux_loss': '3.95445', 'time_per_step': '2.1174'}
2025-11-29 11:20:54,871 - train_greyscale_MoE.py - {'step': '1200', 'lr': '4.8e-05', 'total_loss': '0.0514493', 'main_loss': '0.0475131', 'aux_loss': '3.93618', 'time_per_step': '2.08237'}
2025-11-29 11:24:40,972 - train_greyscale_MoE.py - {'step': '1300', 'lr': '5.2e-05', 'total_loss': '0.0493815', 'main_loss': '0.0454482', 'aux_loss': '3.9333', 'time_per_step': '2.13877'}
2025-11-29 11:28:26,302 - train_greyscale_MoE.py - {'step': '1400', 'lr': '5.6e-05', 'total_loss': '0.0568602', 'main_loss': '0.0529156', 'aux_loss': '3.94461', 'time_per_step': '2.19429'}
2025-11-29 11:32:10,910 - train_greyscale_MoE.py - {'step': '1500', 'lr': '6e-05', 'total_loss': '0.0531457', 'main_loss': '0.0492049', 'aux_loss': '3.94085', 'time_per_step': '2.17728'}
2025-11-29 11:35:56,383 - train_greyscale_MoE.py - {'step': '1600', 'lr': '6.4e-05', 'total_loss': '0.052107', 'main_loss': '0.0481611', 'aux_loss': '3.94584', 'time_per_step': '2.16456'}
2025-11-29 11:39:41,807 - train_greyscale_MoE.py - {'step': '1700', 'lr': '6.8e-05', 'total_loss': '0.0562919', 'main_loss': '0.0523538', 'aux_loss': '3.93808', 'time_per_step': '2.17492'}
2025-11-29 11:43:26,751 - train_greyscale_MoE.py - {'step': '1800', 'lr': '7.2e-05', 'total_loss': '0.0563843', 'main_loss': '0.0524388', 'aux_loss': '3.94546', 'time_per_step': '2.17599'}
2025-11-29 11:47:11,799 - train_greyscale_MoE.py - {'step': '1900', 'lr': '7.6e-05', 'total_loss': '0.060569', 'main_loss': '0.0566331', 'aux_loss': '3.93589', 'time_per_step': '2.16632'}
2025-11-29 11:50:57,738 - train_greyscale_MoE.py - {'step': '2000', 'lr': '8e-05', 'total_loss': '0.0578753', 'main_loss': '0.0539102', 'aux_loss': '3.9651', 'time_per_step': '2.16855'}
2025-11-29 11:54:43,467 - train_greyscale_MoE.py - {'step': '2100', 'lr': '8.4e-05', 'total_loss': '0.0542205', 'main_loss': '0.0502692', 'aux_loss': '3.95127', 'time_per_step': '2.16649'}
2025-11-29 11:58:28,067 - train_greyscale_MoE.py - {'step': '2200', 'lr': '8.8e-05', 'total_loss': '0.0557702', 'main_loss': '0.0518231', 'aux_loss': '3.94704', 'time_per_step': '2.16365'}
2025-11-30 00:40:52,030 - train_greyscale_MoE.py - ckpt_root: output_shift/acdc_wholeheart_uncond_2MoE_greyscale_uvit_mid_4by4_Y_bound/ckpts
dataset:
  SNR_scale: 4.0
  Y_bound: !!python/tuple
  - 502.5
  Y_entropy: !!python/tuple
  - 5.883
  - 3.501
  - 3.575
  - 2.418
  - 2.75
  - 2.341
  - 1.479
  - 2.017
  - 2.044
  - 1.453
  - 1.316
  - 1.586
  - 1.365
  - 1.174
  - 1.108
  - 1.0
  Y_max: !!python/tuple
  - 262.0
  - 112.375
  - 125.812
  - 49.0
  - 58.5
  - 46.5
  - 20.344
  - 32.906
  - 33.406
  - 19.953
  - 15.953
  - 22.0
  - 16.984
  - 12.812
  - 11.68
  - 7.461
  Y_mean: !!python/tuple
  - -270.982
  - -0.725
  - 0.44
  - 0.107
  - 0.009
  - 0.154
  - -0.058
  - 0.0
  - -0.008
  - 0.019
  - 0.009
  - -0.012
  - 0.005
  - 0.002
  - 0.004
  - -0.002
  Y_min: !!python/tuple
  - -502.5
  - -119.312
  - -122.375
  - -51.25
  - -58.906
  - -49.5
  - -20.703
  - -32.906
  - -33.094
  - -19.891
  - -15.891
  - -21.75
  - -16.969
  - -12.773
  - -11.648
  - -7.492
  Y_std: !!python/tuple
  - 182.433
  - 32.822
  - 34.997
  - 14.001
  - 17.621
  - 13.189
  - 5.791
  - 9.609
  - 9.805
  - 5.653
  - 4.634
  - 6.503
  - 4.964
  - 3.796
  - 3.44
  - 2.178
  block_sz: 4
  cache: true
  cache_name: acdc_uncond_wholeheart_4Y
  dataset_type: wholeheart
  greyscale: true
  low_freqs: 12
  name: acdc_uncond
  path: data/scratch/datasets/ACDC/Unlabeled/Wholeheart
  resolution: 96
  reweight: true
  reweight_dim: 1
  temperature: 0.0
  tokens: 144
eval:
  cleanup_samples: true
  eval_start: 110000
  is_batch_size: 32
  lpips_batch_size: 32
  mini_batch_size: 500
  n_samples: 50000
  sample_steps: 100
eval_dir: output/evaluation/uncond_4by4_low16_new
lr_scheduler:
  name: customized
  warmup_steps: 5000
mixed_precision: 'no'
name: acdc_wholeheart_uncond_uvit_greyscale_mid_4by4
nnet:
  MoE:
    aux_loss_alpha: 0.001
    depth: 2
    noise_eps: 0.01
    num_experts: 4
    router: topk
    top_k: 2
    type: normal
  depth: 16
  embed_dim: 768
  low_freqs: 12
  mlp_ratio: 4
  mlp_time_embed: true
  name: uvit_greyscale_moe
  num_classes: -1
  num_heads: 12
  qkv_bias: false
  tokens: 144
  use_moe: true
optimizer:
  betas: !!python/tuple
  - 0.99
  - 0.99
  lr: 0.0002
  name: adamw
  weight_decay: 0.03
pred: noise_pred
private:
  accountant: prv
  dp_method: dpsgd
  max_grad_norm: 1.0
  noise_multiplier: 0.5
  secure_mode: false
  target_delta: 1.0e-05
  target_epsilon: 10
  use_dp: false
sample:
  algorithm: euler_maruyama_ode
  mini_batch_size: 500
  n_samples: 50000
  path: data/scratch/samples
  sample_steps: 100
  save_npz: ''
  save_start: 100000
sample_dir: output_shift/acdc_wholeheart_uncond_2MoE_greyscale_uvit_mid_4by4_Y_bound/samples
seed: 1234
train:
  batch_size: 512
  eval_interval: 25000
  log_interval: 100
  mode: uncond
  n_steps: 500000
  save_interval: 25000
workdir: output_shift/acdc_wholeheart_uncond_2MoE_greyscale_uvit_mid_4by4_Y_bound

2025-11-30 00:41:31,454 - train_greyscale_MoE.py - dataset samples: 25022
2025-11-30 00:41:40,729 - utils.py - nnet has 163148592 parameters
2025-11-30 00:41:41,423 - train_greyscale_MoE.py - using [5.883 3.501 3.575 2.418 2.75  2.341 1.479 2.017 2.044 1.453 1.316 1.586
 1.365 1.174 1.108 1.   ] for Y_loss reweighting
2025-11-30 00:41:41,534 - train_greyscale_MoE.py - Using temperature 0.0 for loss reweighting
2025-11-30 00:41:41,731 - train_greyscale_MoE.py - Start fitting, step=0, mixed_precision=no
2025-11-30 00:46:12,537 - train_greyscale_MoE.py - ckpt_root: output_shift/acdc_wholeheart_uncond_2MoE_greyscale_uvit_mid_4by4_Y_bound/ckpts
dataset:
  SNR_scale: 4.0
  Y_bound: !!python/tuple
  - 502.5
  Y_entropy: !!python/tuple
  - 5.883
  - 3.501
  - 3.575
  - 2.418
  - 2.75
  - 2.341
  - 1.479
  - 2.017
  - 2.044
  - 1.453
  - 1.316
  - 1.586
  - 1.365
  - 1.174
  - 1.108
  - 1.0
  Y_max: !!python/tuple
  - 262.0
  - 112.375
  - 125.812
  - 49.0
  - 58.5
  - 46.5
  - 20.344
  - 32.906
  - 33.406
  - 19.953
  - 15.953
  - 22.0
  - 16.984
  - 12.812
  - 11.68
  - 7.461
  Y_mean: !!python/tuple
  - -270.982
  - -0.725
  - 0.44
  - 0.107
  - 0.009
  - 0.154
  - -0.058
  - 0.0
  - -0.008
  - 0.019
  - 0.009
  - -0.012
  - 0.005
  - 0.002
  - 0.004
  - -0.002
  Y_min: !!python/tuple
  - -502.5
  - -119.312
  - -122.375
  - -51.25
  - -58.906
  - -49.5
  - -20.703
  - -32.906
  - -33.094
  - -19.891
  - -15.891
  - -21.75
  - -16.969
  - -12.773
  - -11.648
  - -7.492
  Y_std: !!python/tuple
  - 182.433
  - 32.822
  - 34.997
  - 14.001
  - 17.621
  - 13.189
  - 5.791
  - 9.609
  - 9.805
  - 5.653
  - 4.634
  - 6.503
  - 4.964
  - 3.796
  - 3.44
  - 2.178
  block_sz: 4
  cache: true
  cache_name: acdc_uncond_wholeheart_4Y
  dataset_type: wholeheart
  greyscale: true
  low_freqs: 12
  name: acdc_uncond
  path: data/scratch/datasets/ACDC/Unlabeled/Wholeheart
  resolution: 96
  reweight: true
  reweight_dim: 1
  temperature: 0.0
  tokens: 144
eval:
  cleanup_samples: true
  eval_start: 110000
  is_batch_size: 32
  lpips_batch_size: 32
  mini_batch_size: 500
  n_samples: 50000
  sample_steps: 100
eval_dir: output/evaluation/uncond_4by4_low16_new
lr_scheduler:
  name: customized
  warmup_steps: 5000
mixed_precision: 'no'
name: acdc_wholeheart_uncond_uvit_greyscale_mid_4by4
nnet:
  MoE:
    aux_loss_alpha: 0.001
    depth: 2
    noise_eps: 0.01
    num_experts: 4
    router: topk
    top_k: 2
    type: normal
  depth: 16
  embed_dim: 768
  low_freqs: 12
  mlp_ratio: 4
  mlp_time_embed: true
  name: uvit_greyscale_moe
  num_classes: -1
  num_heads: 12
  qkv_bias: false
  tokens: 144
  use_moe: true
optimizer:
  betas: !!python/tuple
  - 0.99
  - 0.99
  lr: 0.0002
  name: adamw
  weight_decay: 0.03
pred: noise_pred
private:
  accountant: prv
  dp_method: dpsgd
  max_grad_norm: 1.0
  noise_multiplier: 0.5
  secure_mode: false
  target_delta: 1.0e-05
  target_epsilon: 10
  use_dp: false
sample:
  algorithm: euler_maruyama_ode
  mini_batch_size: 500
  n_samples: 50000
  path: data/scratch/samples
  sample_steps: 100
  save_npz: ''
  save_start: 100000
sample_dir: output_shift/acdc_wholeheart_uncond_2MoE_greyscale_uvit_mid_4by4_Y_bound/samples
seed: 1234
train:
  batch_size: 512
  eval_interval: 25000
  log_interval: 100
  mode: uncond
  n_steps: 500000
  save_interval: 25000
workdir: output_shift/acdc_wholeheart_uncond_2MoE_greyscale_uvit_mid_4by4_Y_bound

2025-11-30 00:46:53,455 - train_greyscale_MoE.py - dataset samples: 25022
2025-11-30 00:47:02,724 - utils.py - nnet has 163148592 parameters
2025-11-30 00:47:03,410 - train_greyscale_MoE.py - using [5.883 3.501 3.575 2.418 2.75  2.341 1.479 2.017 2.044 1.453 1.316 1.586
 1.365 1.174 1.108 1.   ] for Y_loss reweighting
2025-11-30 00:47:03,431 - train_greyscale_MoE.py - Using temperature 0.0 for loss reweighting
2025-11-30 00:47:03,468 - train_greyscale_MoE.py - Start fitting, step=0, mixed_precision=no
2025-11-30 00:53:18,675 - train_greyscale_MoE.py - ckpt_root: output_shift/acdc_wholeheart_uncond_2MoE_greyscale_uvit_mid_4by4_Y_bound/ckpts
dataset:
  SNR_scale: 4.0
  Y_bound: !!python/tuple
  - 502.5
  Y_entropy: !!python/tuple
  - 5.883
  - 3.501
  - 3.575
  - 2.418
  - 2.75
  - 2.341
  - 1.479
  - 2.017
  - 2.044
  - 1.453
  - 1.316
  - 1.586
  - 1.365
  - 1.174
  - 1.108
  - 1.0
  Y_max: !!python/tuple
  - 262.0
  - 112.375
  - 125.812
  - 49.0
  - 58.5
  - 46.5
  - 20.344
  - 32.906
  - 33.406
  - 19.953
  - 15.953
  - 22.0
  - 16.984
  - 12.812
  - 11.68
  - 7.461
  Y_mean: !!python/tuple
  - -270.982
  - -0.725
  - 0.44
  - 0.107
  - 0.009
  - 0.154
  - -0.058
  - 0.0
  - -0.008
  - 0.019
  - 0.009
  - -0.012
  - 0.005
  - 0.002
  - 0.004
  - -0.002
  Y_min: !!python/tuple
  - -502.5
  - -119.312
  - -122.375
  - -51.25
  - -58.906
  - -49.5
  - -20.703
  - -32.906
  - -33.094
  - -19.891
  - -15.891
  - -21.75
  - -16.969
  - -12.773
  - -11.648
  - -7.492
  Y_std: !!python/tuple
  - 182.433
  - 32.822
  - 34.997
  - 14.001
  - 17.621
  - 13.189
  - 5.791
  - 9.609
  - 9.805
  - 5.653
  - 4.634
  - 6.503
  - 4.964
  - 3.796
  - 3.44
  - 2.178
  block_sz: 4
  cache: true
  cache_name: acdc_uncond_wholeheart_4Y
  dataset_type: wholeheart
  greyscale: true
  low_freqs: 12
  name: acdc_uncond
  path: data/scratch/datasets/ACDC/Unlabeled/Wholeheart
  resolution: 96
  reweight: true
  reweight_dim: 1
  temperature: 0.0
  tokens: 144
eval:
  cleanup_samples: true
  eval_start: 110000
  is_batch_size: 32
  lpips_batch_size: 32
  mini_batch_size: 500
  n_samples: 50000
  sample_steps: 100
eval_dir: output/evaluation/uncond_4by4_low16_new
lr_scheduler:
  name: customized
  warmup_steps: 5000
mixed_precision: 'no'
name: acdc_wholeheart_uncond_uvit_greyscale_mid_4by4
nnet:
  MoE:
    aux_loss_alpha: 0.001
    depth: 2
    noise_eps: 0.01
    num_experts: 4
    router: topk
    top_k: 2
    type: normal
  depth: 16
  embed_dim: 768
  low_freqs: 12
  mlp_ratio: 4
  mlp_time_embed: true
  name: uvit_greyscale_moe
  num_classes: -1
  num_heads: 12
  qkv_bias: false
  tokens: 144
  use_moe: true
optimizer:
  betas: !!python/tuple
  - 0.99
  - 0.99
  lr: 0.0002
  name: adamw
  weight_decay: 0.03
pred: noise_pred
private:
  accountant: prv
  dp_method: dpsgd
  max_grad_norm: 1.0
  noise_multiplier: 0.5
  secure_mode: false
  target_delta: 1.0e-05
  target_epsilon: 10
  use_dp: false
sample:
  algorithm: euler_maruyama_ode
  mini_batch_size: 500
  n_samples: 50000
  path: data/scratch/samples
  sample_steps: 100
  save_npz: ''
  save_start: 100000
sample_dir: output_shift/acdc_wholeheart_uncond_2MoE_greyscale_uvit_mid_4by4_Y_bound/samples
seed: 1234
train:
  batch_size: 512
  eval_interval: 25000
  log_interval: 100
  mode: uncond
  n_steps: 500000
  save_interval: 25000
workdir: output_shift/acdc_wholeheart_uncond_2MoE_greyscale_uvit_mid_4by4_Y_bound

2025-11-30 00:53:20,430 - train_greyscale_MoE.py - dataset samples: 25022
2025-11-30 00:53:35,929 - utils.py - nnet has 163148592 parameters
2025-11-30 00:53:37,211 - train_greyscale_MoE.py - using [5.883 3.501 3.575 2.418 2.75  2.341 1.479 2.017 2.044 1.453 1.316 1.586
 1.365 1.174 1.108 1.   ] for Y_loss reweighting
2025-11-30 00:53:37,237 - train_greyscale_MoE.py - Using temperature 0.0 for loss reweighting
2025-11-30 00:53:37,249 - train_greyscale_MoE.py - Start fitting, step=0, mixed_precision=no
2025-11-30 00:59:41,849 - train_greyscale_MoE.py - {'step': '100', 'lr': '4e-06', 'total_loss': '0.742627', 'main_loss': '0.737148', 'aux_loss': '5.47904', 'time_per_step': '2.88708'}
2025-11-30 01:04:53,479 - train_greyscale_MoE.py - {'step': '200', 'lr': '8e-06', 'total_loss': '0.292816', 'main_loss': '0.287474', 'aux_loss': '5.3424', 'time_per_step': '3.08284'}
2025-11-30 01:10:08,588 - train_greyscale_MoE.py - {'step': '300', 'lr': '1.2e-05', 'total_loss': '0.153012', 'main_loss': '0.147191', 'aux_loss': '5.82087', 'time_per_step': '2.85513'}
2025-11-30 01:15:20,358 - train_greyscale_MoE.py - {'step': '400', 'lr': '1.6e-05', 'total_loss': '0.130063', 'main_loss': '0.12582', 'aux_loss': '4.24284', 'time_per_step': '3.21394'}
2025-11-30 01:20:31,963 - train_greyscale_MoE.py - {'step': '500', 'lr': '2e-05', 'total_loss': '0.0905164', 'main_loss': '0.0861423', 'aux_loss': '4.37416', 'time_per_step': '2.97857'}
2025-11-30 01:25:44,912 - train_greyscale_MoE.py - {'step': '600', 'lr': '2.4e-05', 'total_loss': '0.0874529', 'main_loss': '0.0834676', 'aux_loss': '3.98533', 'time_per_step': '3.19066'}
2025-11-30 01:30:58,456 - train_greyscale_MoE.py - {'step': '700', 'lr': '2.8e-05', 'total_loss': '0.0856118', 'main_loss': '0.0816393', 'aux_loss': '3.97246', 'time_per_step': '2.91701'}
2025-11-30 01:36:10,957 - train_greyscale_MoE.py - {'step': '800', 'lr': '3.2e-05', 'total_loss': '0.0703987', 'main_loss': '0.0664353', 'aux_loss': '3.96343', 'time_per_step': '2.94657'}
2025-11-30 01:41:24,219 - train_greyscale_MoE.py - {'step': '900', 'lr': '3.6e-05', 'total_loss': '0.0750242', 'main_loss': '0.0710551', 'aux_loss': '3.96903', 'time_per_step': '2.81485'}
2025-11-30 01:46:36,327 - train_greyscale_MoE.py - {'step': '1000', 'lr': '4e-05', 'total_loss': '0.0682754', 'main_loss': '0.0643113', 'aux_loss': '3.96404', 'time_per_step': '3.12679'}
2025-11-30 01:51:49,610 - train_greyscale_MoE.py - {'step': '1100', 'lr': '4.4e-05', 'total_loss': '0.0613003', 'main_loss': '0.057347', 'aux_loss': '3.95332', 'time_per_step': '2.65617'}
2025-11-30 01:57:00,768 - train_greyscale_MoE.py - {'step': '1200', 'lr': '4.8e-05', 'total_loss': '0.0567588', 'main_loss': '0.0528121', 'aux_loss': '3.94672', 'time_per_step': '2.79419'}
2025-11-30 02:02:14,657 - train_greyscale_MoE.py - {'step': '1300', 'lr': '5.2e-05', 'total_loss': '0.055166', 'main_loss': '0.0512305', 'aux_loss': '3.93553', 'time_per_step': '3.18033'}
2025-11-30 02:07:26,310 - train_greyscale_MoE.py - {'step': '1400', 'lr': '5.6e-05', 'total_loss': '0.057833', 'main_loss': '0.053888', 'aux_loss': '3.94499', 'time_per_step': '2.84903'}
2025-11-30 02:12:36,676 - train_greyscale_MoE.py - {'step': '1500', 'lr': '6e-05', 'total_loss': '0.0550498', 'main_loss': '0.0511089', 'aux_loss': '3.94093', 'time_per_step': '3.12139'}
2025-11-30 02:17:50,075 - train_greyscale_MoE.py - {'step': '1600', 'lr': '6.4e-05', 'total_loss': '0.0517055', 'main_loss': '0.0477615', 'aux_loss': '3.94401', 'time_per_step': '3.06809'}
2025-11-30 02:23:01,299 - train_greyscale_MoE.py - {'step': '1700', 'lr': '6.8e-05', 'total_loss': '0.0572719', 'main_loss': '0.0533404', 'aux_loss': '3.93154', 'time_per_step': '2.92435'}
2025-11-30 02:28:10,818 - train_greyscale_MoE.py - {'step': '1800', 'lr': '7.2e-05', 'total_loss': '0.0594308', 'main_loss': '0.055497', 'aux_loss': '3.93379', 'time_per_step': '2.91878'}
2025-11-30 02:33:22,907 - train_greyscale_MoE.py - {'step': '1900', 'lr': '7.6e-05', 'total_loss': '0.0538305', 'main_loss': '0.0498774', 'aux_loss': '3.95315', 'time_per_step': '3.00426'}
2025-11-30 02:38:35,534 - train_greyscale_MoE.py - {'step': '2000', 'lr': '8e-05', 'total_loss': '0.0533421', 'main_loss': '0.0493736', 'aux_loss': '3.96845', 'time_per_step': '2.93556'}
2025-11-30 02:43:49,121 - train_greyscale_MoE.py - {'step': '2100', 'lr': '8.4e-05', 'total_loss': '0.051781', 'main_loss': '0.0478327', 'aux_loss': '3.94836', 'time_per_step': '3.14884'}
2025-11-30 02:49:01,956 - train_greyscale_MoE.py - {'step': '2200', 'lr': '8.8e-05', 'total_loss': '0.0539351', 'main_loss': '0.0499725', 'aux_loss': '3.96252', 'time_per_step': '2.8537'}
2025-11-30 02:54:14,818 - train_greyscale_MoE.py - {'step': '2300', 'lr': '9.2e-05', 'total_loss': '0.052825', 'main_loss': '0.0488643', 'aux_loss': '3.96067', 'time_per_step': '3.01835'}
2025-11-30 02:59:25,135 - train_greyscale_MoE.py - {'step': '2400', 'lr': '9.6e-05', 'total_loss': '0.0389861', 'main_loss': '0.035001', 'aux_loss': '3.98514', 'time_per_step': '2.85825'}
2025-11-30 03:04:39,332 - train_greyscale_MoE.py - {'step': '2500', 'lr': '0.0001', 'total_loss': '0.0559177', 'main_loss': '0.0519637', 'aux_loss': '3.95401', 'time_per_step': '3.082'}
2025-11-30 03:09:50,927 - train_greyscale_MoE.py - {'step': '2600', 'lr': '0.000104', 'total_loss': '0.0545253', 'main_loss': '0.0505686', 'aux_loss': '3.9567', 'time_per_step': '2.89809'}
2025-11-30 03:15:03,188 - train_greyscale_MoE.py - {'step': '2700', 'lr': '0.000108', 'total_loss': '0.054488', 'main_loss': '0.0504858', 'aux_loss': '4.00224', 'time_per_step': '2.8925'}
2025-11-30 03:20:16,552 - train_greyscale_MoE.py - {'step': '2800', 'lr': '0.000112', 'total_loss': '0.0459344', 'main_loss': '0.0419565', 'aux_loss': '3.97792', 'time_per_step': '2.89491'}
2025-11-30 03:25:32,214 - train_greyscale_MoE.py - {'step': '2900', 'lr': '0.000116', 'total_loss': '0.049156', 'main_loss': '0.0451748', 'aux_loss': '3.98121', 'time_per_step': '2.86948'}
2025-11-30 03:30:45,366 - train_greyscale_MoE.py - {'step': '3000', 'lr': '0.00012', 'total_loss': '0.0516866', 'main_loss': '0.0476889', 'aux_loss': '3.99766', 'time_per_step': '3.2995'}
2025-11-30 03:35:58,854 - train_greyscale_MoE.py - {'step': '3100', 'lr': '0.000124', 'total_loss': '0.0459673', 'main_loss': '0.0419745', 'aux_loss': '3.99278', 'time_per_step': '3.00148'}
2025-11-30 03:41:11,988 - train_greyscale_MoE.py - {'step': '3200', 'lr': '0.000128', 'total_loss': '0.0440783', 'main_loss': '0.0400923', 'aux_loss': '3.98601', 'time_per_step': '2.85813'}
2025-11-30 03:46:24,911 - train_greyscale_MoE.py - {'step': '3300', 'lr': '0.000132', 'total_loss': '0.0382784', 'main_loss': '0.0342874', 'aux_loss': '3.99098', 'time_per_step': '3.07234'}
2025-11-30 03:51:38,481 - train_greyscale_MoE.py - {'step': '3400', 'lr': '0.000136', 'total_loss': '0.0406046', 'main_loss': '0.0366057', 'aux_loss': '3.9989', 'time_per_step': '3.12166'}
2025-11-30 03:56:52,530 - train_greyscale_MoE.py - {'step': '3500', 'lr': '0.00014', 'total_loss': '0.0382606', 'main_loss': '0.0342678', 'aux_loss': '3.99279', 'time_per_step': '2.73768'}
2025-11-30 04:02:03,988 - train_greyscale_MoE.py - {'step': '3600', 'lr': '0.000144', 'total_loss': '0.0370531', 'main_loss': '0.0330582', 'aux_loss': '3.99489', 'time_per_step': '2.72456'}
2025-11-30 04:07:17,957 - train_greyscale_MoE.py - {'step': '3700', 'lr': '0.000148', 'total_loss': '0.0348052', 'main_loss': '0.0308124', 'aux_loss': '3.99286', 'time_per_step': '2.96931'}
2025-11-30 04:12:28,722 - train_greyscale_MoE.py - {'step': '3800', 'lr': '0.000152', 'total_loss': '0.0437936', 'main_loss': '0.0397828', 'aux_loss': '4.01077', 'time_per_step': '2.89392'}
2025-11-30 04:17:41,885 - train_greyscale_MoE.py - {'step': '3900', 'lr': '0.000156', 'total_loss': '0.0475924', 'main_loss': '0.0436', 'aux_loss': '3.99243', 'time_per_step': '2.85398'}
2025-11-30 04:22:54,910 - train_greyscale_MoE.py - {'step': '4000', 'lr': '0.00016', 'total_loss': '0.045528', 'main_loss': '0.0415156', 'aux_loss': '4.01234', 'time_per_step': '2.98338'}
2025-11-30 04:28:05,868 - train_greyscale_MoE.py - {'step': '4100', 'lr': '0.000164', 'total_loss': '0.0405872', 'main_loss': '0.0365564', 'aux_loss': '4.03073', 'time_per_step': '3.06976'}
2025-11-30 04:33:16,903 - train_greyscale_MoE.py - {'step': '4200', 'lr': '0.000168', 'total_loss': '0.037292', 'main_loss': '0.0333015', 'aux_loss': '3.99044', 'time_per_step': '2.966'}
2025-11-30 04:38:29,418 - train_greyscale_MoE.py - {'step': '4300', 'lr': '0.000172', 'total_loss': '0.0381488', 'main_loss': '0.0341522', 'aux_loss': '3.99663', 'time_per_step': '2.94677'}
2025-11-30 04:43:41,185 - train_greyscale_MoE.py - {'step': '4400', 'lr': '0.000176', 'total_loss': '0.0444653', 'main_loss': '0.0404815', 'aux_loss': '3.98379', 'time_per_step': '3.0204'}
2025-11-30 04:48:53,655 - train_greyscale_MoE.py - {'step': '4500', 'lr': '0.00018', 'total_loss': '0.0329757', 'main_loss': '0.028973', 'aux_loss': '4.00269', 'time_per_step': '3.02693'}
2025-11-30 04:54:04,478 - train_greyscale_MoE.py - {'step': '4600', 'lr': '0.000184', 'total_loss': '0.0361639', 'main_loss': '0.0321678', 'aux_loss': '3.99604', 'time_per_step': '2.87349'}
2025-11-30 04:59:15,068 - train_greyscale_MoE.py - {'step': '4700', 'lr': '0.000188', 'total_loss': '0.0327523', 'main_loss': '0.0287228', 'aux_loss': '4.02946', 'time_per_step': '2.97113'}
2025-11-30 05:04:24,910 - train_greyscale_MoE.py - {'step': '4800', 'lr': '0.000192', 'total_loss': '0.0359935', 'main_loss': '0.0319894', 'aux_loss': '4.00409', 'time_per_step': '2.66428'}
2025-11-30 05:09:36,345 - train_greyscale_MoE.py - {'step': '4900', 'lr': '0.000196', 'total_loss': '0.0325286', 'main_loss': '0.0285329', 'aux_loss': '3.99564', 'time_per_step': '2.92773'}
2025-11-30 05:14:48,224 - train_greyscale_MoE.py - {'step': '5000', 'lr': '0.0002', 'total_loss': '0.0419929', 'main_loss': '0.037983', 'aux_loss': '4.00988', 'time_per_step': '3.00943'}
2025-11-30 05:19:58,791 - train_greyscale_MoE.py - {'step': '5100', 'lr': '0.0002', 'total_loss': '0.0283924', 'main_loss': '0.0243899', 'aux_loss': '4.00252', 'time_per_step': '2.90013'}
2025-11-30 05:25:12,243 - train_greyscale_MoE.py - {'step': '5200', 'lr': '0.0002', 'total_loss': '0.0342915', 'main_loss': '0.0302983', 'aux_loss': '3.99319', 'time_per_step': '3.05025'}
2025-11-30 05:30:23,803 - train_greyscale_MoE.py - {'step': '5300', 'lr': '0.0002', 'total_loss': '0.0322409', 'main_loss': '0.0282483', 'aux_loss': '3.99257', 'time_per_step': '2.82865'}
2025-11-30 05:35:34,346 - train_greyscale_MoE.py - {'step': '5400', 'lr': '0.0002', 'total_loss': '0.0310471', 'main_loss': '0.0270605', 'aux_loss': '3.98664', 'time_per_step': '3.09983'}
2025-11-30 05:40:47,404 - train_greyscale_MoE.py - {'step': '5500', 'lr': '0.0002', 'total_loss': '0.0353699', 'main_loss': '0.0313788', 'aux_loss': '3.99114', 'time_per_step': '3.06193'}
2025-11-30 05:45:58,370 - train_greyscale_MoE.py - {'step': '5600', 'lr': '0.0002', 'total_loss': '0.0371624', 'main_loss': '0.0331502', 'aux_loss': '4.01224', 'time_per_step': '2.87513'}
2025-11-30 05:51:08,534 - train_greyscale_MoE.py - {'step': '5700', 'lr': '0.0002', 'total_loss': '0.0367024', 'main_loss': '0.0327015', 'aux_loss': '4.00086', 'time_per_step': '2.75437'}
2025-11-30 05:56:18,857 - train_greyscale_MoE.py - {'step': '5800', 'lr': '0.0002', 'total_loss': '0.0313401', 'main_loss': '0.0273522', 'aux_loss': '3.98789', 'time_per_step': '2.86823'}
2025-11-30 06:01:29,179 - train_greyscale_MoE.py - {'step': '5900', 'lr': '0.0002', 'total_loss': '0.0354218', 'main_loss': '0.0314019', 'aux_loss': '4.0199', 'time_per_step': '2.75317'}
2025-11-30 06:06:39,199 - train_greyscale_MoE.py - {'step': '6000', 'lr': '0.0002', 'total_loss': '0.0295896', 'main_loss': '0.0255718', 'aux_loss': '4.01783', 'time_per_step': '2.71652'}
2025-11-30 06:11:51,000 - train_greyscale_MoE.py - {'step': '6100', 'lr': '0.0002', 'total_loss': '0.0373364', 'main_loss': '0.0333193', 'aux_loss': '4.01715', 'time_per_step': '3.00649'}
2025-11-30 06:17:03,665 - train_greyscale_MoE.py - {'step': '6200', 'lr': '0.0002', 'total_loss': '0.0343987', 'main_loss': '0.0303959', 'aux_loss': '4.00282', 'time_per_step': '2.96065'}
2025-11-30 06:22:15,459 - train_greyscale_MoE.py - {'step': '6300', 'lr': '0.0002', 'total_loss': '0.0356633', 'main_loss': '0.0316675', 'aux_loss': '3.99578', 'time_per_step': '3.21791'}
2025-11-30 06:27:29,579 - train_greyscale_MoE.py - {'step': '6400', 'lr': '0.0002', 'total_loss': '0.033741', 'main_loss': '0.029735', 'aux_loss': '4.00598', 'time_per_step': '3.10632'}
2025-11-30 06:32:41,718 - train_greyscale_MoE.py - {'step': '6500', 'lr': '0.0002', 'total_loss': '0.0384437', 'main_loss': '0.0344245', 'aux_loss': '4.0192', 'time_per_step': '2.86756'}
2025-11-30 06:37:54,063 - train_greyscale_MoE.py - {'step': '6600', 'lr': '0.0002', 'total_loss': '0.0334476', 'main_loss': '0.0294401', 'aux_loss': '4.00748', 'time_per_step': '2.87323'}
2025-11-30 06:43:06,037 - train_greyscale_MoE.py - {'step': '6700', 'lr': '0.0002', 'total_loss': '0.0281707', 'main_loss': '0.0241534', 'aux_loss': '4.01736', 'time_per_step': '3.14942'}
2025-11-30 06:48:19,855 - train_greyscale_MoE.py - {'step': '6800', 'lr': '0.0002', 'total_loss': '0.0311672', 'main_loss': '0.0271213', 'aux_loss': '4.04592', 'time_per_step': '2.94504'}
2025-11-30 06:53:32,254 - train_greyscale_MoE.py - {'step': '6900', 'lr': '0.0002', 'total_loss': '0.0340281', 'main_loss': '0.0300222', 'aux_loss': '4.0059', 'time_per_step': '2.84407'}
2025-11-30 06:58:46,314 - train_greyscale_MoE.py - {'step': '7000', 'lr': '0.0002', 'total_loss': '0.0315865', 'main_loss': '0.0275407', 'aux_loss': '4.04578', 'time_per_step': '3.05661'}
2025-11-30 07:03:59,570 - train_greyscale_MoE.py - {'step': '7100', 'lr': '0.0002', 'total_loss': '0.0358995', 'main_loss': '0.0318974', 'aux_loss': '4.00214', 'time_per_step': '2.77261'}
2025-11-30 07:09:10,581 - train_greyscale_MoE.py - {'step': '7200', 'lr': '0.0002', 'total_loss': '0.0335722', 'main_loss': '0.0295391', 'aux_loss': '4.03315', 'time_per_step': '2.77953'}
2025-11-30 07:14:22,503 - train_greyscale_MoE.py - {'step': '7300', 'lr': '0.0002', 'total_loss': '0.0252365', 'main_loss': '0.0212279', 'aux_loss': '4.00858', 'time_per_step': '2.83522'}
2025-11-30 07:19:33,276 - train_greyscale_MoE.py - {'step': '7400', 'lr': '0.0002', 'total_loss': '0.0304778', 'main_loss': '0.026482', 'aux_loss': '3.99577', 'time_per_step': '2.94721'}
2025-11-30 07:24:46,757 - train_greyscale_MoE.py - {'step': '7500', 'lr': '0.0002', 'total_loss': '0.0381368', 'main_loss': '0.0341412', 'aux_loss': '3.9956', 'time_per_step': '2.88752'}
2025-11-30 07:29:59,131 - train_greyscale_MoE.py - {'step': '7600', 'lr': '0.0002', 'total_loss': '0.0283648', 'main_loss': '0.0243424', 'aux_loss': '4.02233', 'time_per_step': '3.00036'}
2025-11-30 07:35:14,034 - train_greyscale_MoE.py - {'step': '7700', 'lr': '0.0002', 'total_loss': '0.0357487', 'main_loss': '0.0317377', 'aux_loss': '4.01099', 'time_per_step': '3.24152'}
2025-11-30 07:40:27,458 - train_greyscale_MoE.py - {'step': '7800', 'lr': '0.0002', 'total_loss': '0.0294749', 'main_loss': '0.0254696', 'aux_loss': '4.00528', 'time_per_step': '2.80889'}
2025-11-30 07:45:38,971 - train_greyscale_MoE.py - {'step': '7900', 'lr': '0.0002', 'total_loss': '0.0318095', 'main_loss': '0.0278029', 'aux_loss': '4.00659', 'time_per_step': '3.07678'}
2025-11-30 07:50:49,236 - train_greyscale_MoE.py - {'step': '8000', 'lr': '0.0002', 'total_loss': '0.0248352', 'main_loss': '0.0208219', 'aux_loss': '4.01322', 'time_per_step': '2.86925'}
2025-11-30 07:56:01,081 - train_greyscale_MoE.py - {'step': '8100', 'lr': '0.0002', 'total_loss': '0.0341657', 'main_loss': '0.0301706', 'aux_loss': '3.99504', 'time_per_step': '2.76854'}
2025-11-30 08:01:12,718 - train_greyscale_MoE.py - {'step': '8200', 'lr': '0.0002', 'total_loss': '0.0329574', 'main_loss': '0.0289413', 'aux_loss': '4.01604', 'time_per_step': '2.90511'}
2025-11-30 08:06:24,218 - train_greyscale_MoE.py - {'step': '8300', 'lr': '0.0002', 'total_loss': '0.0309531', 'main_loss': '0.0268852', 'aux_loss': '4.06786', 'time_per_step': '2.70342'}
2025-11-30 08:11:34,401 - train_greyscale_MoE.py - {'step': '8400', 'lr': '0.0002', 'total_loss': '0.0330834', 'main_loss': '0.0290657', 'aux_loss': '4.01769', 'time_per_step': '2.64482'}
2025-11-30 08:16:47,509 - train_greyscale_MoE.py - {'step': '8500', 'lr': '0.0002', 'total_loss': '0.0292951', 'main_loss': '0.0252832', 'aux_loss': '4.01193', 'time_per_step': '3.01402'}
2025-11-30 08:21:58,582 - train_greyscale_MoE.py - {'step': '8600', 'lr': '0.0002', 'total_loss': '0.0257793', 'main_loss': '0.0217786', 'aux_loss': '4.00068', 'time_per_step': '3.14312'}
2025-11-30 08:27:10,985 - train_greyscale_MoE.py - {'step': '8700', 'lr': '0.0002', 'total_loss': '0.0339471', 'main_loss': '0.0299323', 'aux_loss': '4.01473', 'time_per_step': '2.88536'}
2025-11-30 08:32:23,420 - train_greyscale_MoE.py - {'step': '8800', 'lr': '0.0002', 'total_loss': '0.0277675', 'main_loss': '0.0237516', 'aux_loss': '4.01592', 'time_per_step': '3.00491'}
2025-11-30 08:37:33,445 - train_greyscale_MoE.py - {'step': '8900', 'lr': '0.0002', 'total_loss': '0.0336274', 'main_loss': '0.0296281', 'aux_loss': '3.99931', 'time_per_step': '2.90703'}
2025-11-30 08:42:47,309 - train_greyscale_MoE.py - {'step': '9000', 'lr': '0.0002', 'total_loss': '0.030913', 'main_loss': '0.0269113', 'aux_loss': '4.00171', 'time_per_step': '3.06518'}
2025-11-30 08:47:56,744 - train_greyscale_MoE.py - {'step': '9100', 'lr': '0.0002', 'total_loss': '0.0256089', 'main_loss': '0.0216087', 'aux_loss': '4.00022', 'time_per_step': '2.89223'}
2025-11-30 08:53:08,892 - train_greyscale_MoE.py - {'step': '9200', 'lr': '0.0002', 'total_loss': '0.0288638', 'main_loss': '0.0248506', 'aux_loss': '4.01312', 'time_per_step': '2.9074'}
2025-11-30 08:58:21,330 - train_greyscale_MoE.py - {'step': '9300', 'lr': '0.0002', 'total_loss': '0.0280773', 'main_loss': '0.0240695', 'aux_loss': '4.00783', 'time_per_step': '2.98761'}
2025-11-30 09:03:31,844 - train_greyscale_MoE.py - {'step': '9400', 'lr': '0.0002', 'total_loss': '0.0250114', 'main_loss': '0.0210085', 'aux_loss': '4.00292', 'time_per_step': '3.03646'}
2025-11-30 09:08:44,340 - train_greyscale_MoE.py - {'step': '9500', 'lr': '0.0002', 'total_loss': '0.0296523', 'main_loss': '0.0256536', 'aux_loss': '3.99863', 'time_per_step': '3.01175'}
2025-11-30 09:13:55,658 - train_greyscale_MoE.py - {'step': '9600', 'lr': '0.0002', 'total_loss': '0.0341561', 'main_loss': '0.0301561', 'aux_loss': '3.99999', 'time_per_step': '2.68954'}
2025-11-30 09:19:06,607 - train_greyscale_MoE.py - {'step': '9700', 'lr': '0.0002', 'total_loss': '0.0254622', 'main_loss': '0.0214636', 'aux_loss': '3.99859', 'time_per_step': '2.97175'}
2025-11-30 09:24:18,202 - train_greyscale_MoE.py - {'step': '9800', 'lr': '0.0002', 'total_loss': '0.0284354', 'main_loss': '0.0244341', 'aux_loss': '4.00128', 'time_per_step': '2.68109'}
2025-11-30 09:29:29,120 - train_greyscale_MoE.py - {'step': '9900', 'lr': '0.0002', 'total_loss': '0.0284394', 'main_loss': '0.0244403', 'aux_loss': '3.9991', 'time_per_step': '2.75849'}
2025-11-30 09:34:39,951 - train_greyscale_MoE.py - {'step': '10000', 'lr': '0.0002', 'total_loss': '0.0225745', 'main_loss': '0.0185679', 'aux_loss': '4.00659', 'time_per_step': '2.97129'}
2025-11-30 09:39:51,683 - train_greyscale_MoE.py - {'step': '10100', 'lr': '0.0002', 'total_loss': '0.0278301', 'main_loss': '0.0238231', 'aux_loss': '4.00707', 'time_per_step': '3.04018'}
2025-11-30 09:45:02,049 - train_greyscale_MoE.py - {'step': '10200', 'lr': '0.0002', 'total_loss': '0.0237614', 'main_loss': '0.0197636', 'aux_loss': '3.99776', 'time_per_step': '2.97766'}
2025-11-30 09:50:12,461 - train_greyscale_MoE.py - {'step': '10300', 'lr': '0.0002', 'total_loss': '0.0325344', 'main_loss': '0.0285125', 'aux_loss': '4.02188', 'time_per_step': '2.85571'}
2025-11-30 09:55:24,910 - train_greyscale_MoE.py - {'step': '10400', 'lr': '0.0002', 'total_loss': '0.0228172', 'main_loss': '0.018806', 'aux_loss': '4.01122', 'time_per_step': '2.89654'}
2025-11-30 10:00:35,768 - train_greyscale_MoE.py - {'step': '10500', 'lr': '0.0002', 'total_loss': '0.0233499', 'main_loss': '0.0193399', 'aux_loss': '4.01002', 'time_per_step': '3.10947'}
2025-11-30 10:05:48,342 - train_greyscale_MoE.py - {'step': '10600', 'lr': '0.0002', 'total_loss': '0.0243451', 'main_loss': '0.0203422', 'aux_loss': '4.00289', 'time_per_step': '3.12006'}
2025-11-30 10:10:58,889 - train_greyscale_MoE.py - {'step': '10700', 'lr': '0.0002', 'total_loss': '0.0322731', 'main_loss': '0.0282642', 'aux_loss': '4.00883', 'time_per_step': '2.76467'}
2025-11-30 10:16:09,864 - train_greyscale_MoE.py - {'step': '10800', 'lr': '0.0002', 'total_loss': '0.0271377', 'main_loss': '0.0231155', 'aux_loss': '4.02221', 'time_per_step': '2.76478'}
2025-11-30 10:21:19,992 - train_greyscale_MoE.py - {'step': '10900', 'lr': '0.0002', 'total_loss': '0.0256178', 'main_loss': '0.0216032', 'aux_loss': '4.01456', 'time_per_step': '2.86399'}
2025-11-30 10:26:30,472 - train_greyscale_MoE.py - {'step': '11000', 'lr': '0.0002', 'total_loss': '0.027002', 'main_loss': '0.0229911', 'aux_loss': '4.01085', 'time_per_step': '2.90947'}
2025-11-30 10:31:42,034 - train_greyscale_MoE.py - {'step': '11100', 'lr': '0.0002', 'total_loss': '0.025812', 'main_loss': '0.021808', 'aux_loss': '4.00406', 'time_per_step': '3.009'}
2025-11-30 10:36:52,168 - train_greyscale_MoE.py - {'step': '11200', 'lr': '0.0002', 'total_loss': '0.0225601', 'main_loss': '0.0185584', 'aux_loss': '4.00171', 'time_per_step': '3.0769'}
2025-11-30 10:42:05,541 - train_greyscale_MoE.py - {'step': '11300', 'lr': '0.0002', 'total_loss': '0.0252994', 'main_loss': '0.021291', 'aux_loss': '4.00841', 'time_per_step': '3.02736'}
2025-11-30 10:47:17,069 - train_greyscale_MoE.py - {'step': '11400', 'lr': '0.0002', 'total_loss': '0.0227074', 'main_loss': '0.018703', 'aux_loss': '4.00444', 'time_per_step': '2.92366'}
2025-11-30 10:52:30,715 - train_greyscale_MoE.py - {'step': '11500', 'lr': '0.0002', 'total_loss': '0.0260096', 'main_loss': '0.0219987', 'aux_loss': '4.01094', 'time_per_step': '3.11835'}
2025-11-30 10:57:45,579 - train_greyscale_MoE.py - {'step': '11600', 'lr': '0.0002', 'total_loss': '0.0274687', 'main_loss': '0.0234631', 'aux_loss': '4.00559', 'time_per_step': '3.30569'}
2025-11-30 11:02:56,273 - train_greyscale_MoE.py - {'step': '11700', 'lr': '0.0002', 'total_loss': '0.0266413', 'main_loss': '0.0226378', 'aux_loss': '4.00347', 'time_per_step': '2.99528'}
2025-11-30 11:08:10,042 - train_greyscale_MoE.py - {'step': '11800', 'lr': '0.0002', 'total_loss': '0.0287248', 'main_loss': '0.0247173', 'aux_loss': '4.00752', 'time_per_step': '3.0489'}
2025-11-30 11:13:21,985 - train_greyscale_MoE.py - {'step': '11900', 'lr': '0.0002', 'total_loss': '0.0201415', 'main_loss': '0.0161412', 'aux_loss': '4.00031', 'time_per_step': '2.80253'}
2025-11-30 11:18:35,131 - train_greyscale_MoE.py - {'step': '12000', 'lr': '0.0002', 'total_loss': '0.02917', 'main_loss': '0.0251591', 'aux_loss': '4.01094', 'time_per_step': '2.75138'}
2025-11-30 11:23:49,223 - train_greyscale_MoE.py - {'step': '12100', 'lr': '0.0002', 'total_loss': '0.0228564', 'main_loss': '0.0188369', 'aux_loss': '4.01942', 'time_per_step': '2.84351'}
2025-11-30 11:29:00,049 - train_greyscale_MoE.py - {'step': '12200', 'lr': '0.0002', 'total_loss': '0.018047', 'main_loss': '0.0140359', 'aux_loss': '4.01107', 'time_per_step': '2.85918'}
2025-11-30 11:34:13,952 - train_greyscale_MoE.py - {'step': '12300', 'lr': '0.0002', 'total_loss': '0.0210697', 'main_loss': '0.0170684', 'aux_loss': '4.00131', 'time_per_step': '3.41423'}
2025-11-30 11:39:25,688 - train_greyscale_MoE.py - {'step': '12400', 'lr': '0.0002', 'total_loss': '0.0268873', 'main_loss': '0.0228832', 'aux_loss': '4.00408', 'time_per_step': '2.97424'}
2025-11-30 11:44:40,544 - train_greyscale_MoE.py - {'step': '12500', 'lr': '0.0002', 'total_loss': '0.0229493', 'main_loss': '0.018922', 'aux_loss': '4.02725', 'time_per_step': '2.87807'}
2025-11-30 11:49:54,312 - train_greyscale_MoE.py - {'step': '12600', 'lr': '0.0002', 'total_loss': '0.0222221', 'main_loss': '0.0182091', 'aux_loss': '4.01302', 'time_per_step': '2.99651'}
2025-11-30 11:55:05,902 - train_greyscale_MoE.py - {'step': '12700', 'lr': '0.0002', 'total_loss': '0.0251763', 'main_loss': '0.0211639', 'aux_loss': '4.01241', 'time_per_step': '2.99823'}
2025-11-30 12:00:18,363 - train_greyscale_MoE.py - {'step': '12800', 'lr': '0.0002', 'total_loss': '0.0308724', 'main_loss': '0.0268709', 'aux_loss': '4.00147', 'time_per_step': '3.01888'}
2025-11-30 12:05:31,152 - train_greyscale_MoE.py - {'step': '12900', 'lr': '0.0002', 'total_loss': '0.0224867', 'main_loss': '0.0184824', 'aux_loss': '4.00424', 'time_per_step': '2.99215'}
2025-11-30 12:10:43,042 - train_greyscale_MoE.py - {'step': '13000', 'lr': '0.0002', 'total_loss': '0.0217706', 'main_loss': '0.0177656', 'aux_loss': '4.00504', 'time_per_step': '3.00775'}
2025-11-30 12:15:54,299 - train_greyscale_MoE.py - {'step': '13100', 'lr': '0.0002', 'total_loss': '0.0295181', 'main_loss': '0.0255014', 'aux_loss': '4.01671', 'time_per_step': '2.83456'}
2025-11-30 12:21:06,638 - train_greyscale_MoE.py - {'step': '13200', 'lr': '0.0002', 'total_loss': '0.0215839', 'main_loss': '0.0175817', 'aux_loss': '4.00224', 'time_per_step': '2.72723'}
2025-11-30 12:26:19,318 - train_greyscale_MoE.py - {'step': '13300', 'lr': '0.0002', 'total_loss': '0.0266391', 'main_loss': '0.0226396', 'aux_loss': '3.99952', 'time_per_step': '2.91777'}
2025-11-30 12:31:30,161 - train_greyscale_MoE.py - {'step': '13400', 'lr': '0.0002', 'total_loss': '0.0264198', 'main_loss': '0.0224168', 'aux_loss': '4.00293', 'time_per_step': '2.8456'}
2025-11-30 12:36:41,921 - train_greyscale_MoE.py - {'step': '13500', 'lr': '0.0002', 'total_loss': '0.0155313', 'main_loss': '0.011524', 'aux_loss': '4.00729', 'time_per_step': '2.86708'}
2025-11-30 12:41:51,720 - train_greyscale_MoE.py - {'step': '13600', 'lr': '0.0002', 'total_loss': '0.0207695', 'main_loss': '0.0167604', 'aux_loss': '4.00913', 'time_per_step': '2.84169'}
2025-11-30 12:47:02,556 - train_greyscale_MoE.py - {'step': '13700', 'lr': '0.0002', 'total_loss': '0.0239908', 'main_loss': '0.0199821', 'aux_loss': '4.00874', 'time_per_step': '2.98334'}
2025-11-30 12:52:14,634 - train_greyscale_MoE.py - {'step': '13800', 'lr': '0.0002', 'total_loss': '0.0248936', 'main_loss': '0.0208934', 'aux_loss': '4.00018', 'time_per_step': '3.19004'}
2025-11-30 12:57:27,017 - train_greyscale_MoE.py - {'step': '13900', 'lr': '0.0002', 'total_loss': '0.0242941', 'main_loss': '0.0202855', 'aux_loss': '4.00855', 'time_per_step': '2.86489'}
2025-11-30 13:02:41,010 - train_greyscale_MoE.py - {'step': '14000', 'lr': '0.0002', 'total_loss': '0.025349', 'main_loss': '0.0213456', 'aux_loss': '4.00347', 'time_per_step': '3.03289'}
2025-11-30 13:07:52,262 - train_greyscale_MoE.py - {'step': '14100', 'lr': '0.0002', 'total_loss': '0.0246709', 'main_loss': '0.0206657', 'aux_loss': '4.00517', 'time_per_step': '3.04997'}
2025-11-30 13:13:04,770 - train_greyscale_MoE.py - {'step': '14200', 'lr': '0.0002', 'total_loss': '0.0259523', 'main_loss': '0.0219399', 'aux_loss': '4.01236', 'time_per_step': '3.07304'}
2025-11-30 13:18:17,281 - train_greyscale_MoE.py - {'step': '14300', 'lr': '0.0002', 'total_loss': '0.0228378', 'main_loss': '0.0188346', 'aux_loss': '4.00316', 'time_per_step': '2.86971'}
2025-11-30 13:23:26,099 - train_greyscale_MoE.py - {'step': '14400', 'lr': '0.0002', 'total_loss': '0.0218839', 'main_loss': '0.0178791', 'aux_loss': '4.00481', 'time_per_step': '2.60056'}
2025-11-30 13:28:41,238 - train_greyscale_MoE.py - {'step': '14500', 'lr': '0.0002', 'total_loss': '0.0199701', 'main_loss': '0.0159656', 'aux_loss': '4.00451', 'time_per_step': '2.95576'}
2025-11-30 13:33:53,454 - train_greyscale_MoE.py - {'step': '14600', 'lr': '0.0002', 'total_loss': '0.0244974', 'main_loss': '0.0204959', 'aux_loss': '4.0015', 'time_per_step': '2.94487'}
2025-11-30 13:39:04,635 - train_greyscale_MoE.py - {'step': '14700', 'lr': '0.0002', 'total_loss': '0.0229859', 'main_loss': '0.0189797', 'aux_loss': '4.0062', 'time_per_step': '3.04732'}
2025-11-30 13:44:15,323 - train_greyscale_MoE.py - {'step': '14800', 'lr': '0.0002', 'total_loss': '0.0221678', 'main_loss': '0.0181633', 'aux_loss': '4.00454', 'time_per_step': '3.06621'}
2025-11-30 13:49:28,838 - train_greyscale_MoE.py - {'step': '14900', 'lr': '0.0002', 'total_loss': '0.0201656', 'main_loss': '0.016165', 'aux_loss': '4.00058', 'time_per_step': '2.95234'}
2025-11-30 13:54:38,837 - train_greyscale_MoE.py - {'step': '15000', 'lr': '0.0002', 'total_loss': '0.0240472', 'main_loss': '0.020044', 'aux_loss': '4.00318', 'time_per_step': '2.79446'}
2025-11-30 13:59:53,286 - train_greyscale_MoE.py - {'step': '15100', 'lr': '0.0002', 'total_loss': '0.0192858', 'main_loss': '0.0152851', 'aux_loss': '4.00068', 'time_per_step': '3.20805'}
2025-11-30 14:05:06,541 - train_greyscale_MoE.py - {'step': '15200', 'lr': '0.0002', 'total_loss': '0.0218404', 'main_loss': '0.0178361', 'aux_loss': '4.00432', 'time_per_step': '3.06076'}
2025-11-30 14:10:17,098 - train_greyscale_MoE.py - {'step': '15300', 'lr': '0.0002', 'total_loss': '0.0211143', 'main_loss': '0.0171125', 'aux_loss': '4.00176', 'time_per_step': '3.02736'}
2025-11-30 14:15:30,363 - train_greyscale_MoE.py - {'step': '15400', 'lr': '0.0002', 'total_loss': '0.0153113', 'main_loss': '0.0113102', 'aux_loss': '4.0011', 'time_per_step': '2.83716'}
2025-11-30 14:20:43,808 - train_greyscale_MoE.py - {'step': '15500', 'lr': '0.0002', 'total_loss': '0.0189712', 'main_loss': '0.0149697', 'aux_loss': '4.00142', 'time_per_step': '3.22071'}
2025-11-30 14:25:54,460 - train_greyscale_MoE.py - {'step': '15600', 'lr': '0.0002', 'total_loss': '0.0181512', 'main_loss': '0.0141466', 'aux_loss': '4.00458', 'time_per_step': '2.76293'}
2025-11-30 14:31:03,238 - train_greyscale_MoE.py - {'step': '15700', 'lr': '0.0002', 'total_loss': '0.0241052', 'main_loss': '0.0200944', 'aux_loss': '4.01071', 'time_per_step': '2.88674'}
2025-11-30 14:36:14,505 - train_greyscale_MoE.py - {'step': '15800', 'lr': '0.0002', 'total_loss': '0.0221988', 'main_loss': '0.0181918', 'aux_loss': '4.00701', 'time_per_step': '3.10141'}
2025-11-30 14:41:25,752 - train_greyscale_MoE.py - {'step': '15900', 'lr': '0.0002', 'total_loss': '0.0265194', 'main_loss': '0.0225153', 'aux_loss': '4.00412', 'time_per_step': '3.01781'}
2025-11-30 14:46:37,674 - train_greyscale_MoE.py - {'step': '16000', 'lr': '0.0002', 'total_loss': '0.0194831', 'main_loss': '0.0154804', 'aux_loss': '4.00268', 'time_per_step': '2.82344'}
2025-11-30 14:51:48,282 - train_greyscale_MoE.py - {'step': '16100', 'lr': '0.0002', 'total_loss': '0.0225957', 'main_loss': '0.0185947', 'aux_loss': '4.00106', 'time_per_step': '2.96221'}
2025-11-30 14:57:00,240 - train_greyscale_MoE.py - {'step': '16200', 'lr': '0.0002', 'total_loss': '0.0220974', 'main_loss': '0.0180916', 'aux_loss': '4.00584', 'time_per_step': '3.11946'}
2025-11-30 15:02:13,340 - train_greyscale_MoE.py - {'step': '16300', 'lr': '0.0002', 'total_loss': '0.0219957', 'main_loss': '0.0179921', 'aux_loss': '4.00361', 'time_per_step': '2.9762'}
2025-11-30 15:07:24,040 - train_greyscale_MoE.py - {'step': '16400', 'lr': '0.0002', 'total_loss': '0.0216305', 'main_loss': '0.0176268', 'aux_loss': '4.00363', 'time_per_step': '2.86021'}
2025-11-30 15:12:37,034 - train_greyscale_MoE.py - {'step': '16500', 'lr': '0.0002', 'total_loss': '0.0237938', 'main_loss': '0.0197918', 'aux_loss': '4.00193', 'time_per_step': '2.76696'}
2025-11-30 15:17:49,586 - train_greyscale_MoE.py - {'step': '16600', 'lr': '0.0002', 'total_loss': '0.0242733', 'main_loss': '0.0202723', 'aux_loss': '4.00094', 'time_per_step': '2.84544'}
2025-11-30 15:23:00,213 - train_greyscale_MoE.py - {'step': '16700', 'lr': '0.0002', 'total_loss': '0.0237423', 'main_loss': '0.0197338', 'aux_loss': '4.00848', 'time_per_step': '2.73538'}
2025-11-30 15:28:12,548 - train_greyscale_MoE.py - {'step': '16800', 'lr': '0.0002', 'total_loss': '0.0211245', 'main_loss': '0.0171148', 'aux_loss': '4.00971', 'time_per_step': '2.6371'}
2025-11-30 15:33:25,137 - train_greyscale_MoE.py - {'step': '16900', 'lr': '0.0002', 'total_loss': '0.0285689', 'main_loss': '0.024564', 'aux_loss': '4.00482', 'time_per_step': '2.95759'}
2025-11-30 15:38:36,156 - train_greyscale_MoE.py - {'step': '17000', 'lr': '0.0002', 'total_loss': '0.0200204', 'main_loss': '0.016019', 'aux_loss': '4.00135', 'time_per_step': '3.00259'}
2025-11-30 15:43:46,823 - train_greyscale_MoE.py - {'step': '17100', 'lr': '0.0002', 'total_loss': '0.0266288', 'main_loss': '0.0226286', 'aux_loss': '4.00025', 'time_per_step': '2.88672'}
2025-11-30 15:48:59,985 - train_greyscale_MoE.py - {'step': '17200', 'lr': '0.0002', 'total_loss': '0.0214909', 'main_loss': '0.017487', 'aux_loss': '4.00388', 'time_per_step': '3.0141'}
2025-11-30 15:54:12,559 - train_greyscale_MoE.py - {'step': '17300', 'lr': '0.0002', 'total_loss': '0.0180179', 'main_loss': '0.0140133', 'aux_loss': '4.0046', 'time_per_step': '2.85342'}
2025-11-30 15:59:26,826 - train_greyscale_MoE.py - {'step': '17400', 'lr': '0.0002', 'total_loss': '0.025243', 'main_loss': '0.0212387', 'aux_loss': '4.00429', 'time_per_step': '3.07712'}
2025-11-30 16:04:38,367 - train_greyscale_MoE.py - {'step': '17500', 'lr': '0.0002', 'total_loss': '0.0259663', 'main_loss': '0.0219554', 'aux_loss': '4.01085', 'time_per_step': '2.93737'}
2025-11-30 16:09:49,011 - train_greyscale_MoE.py - {'step': '17600', 'lr': '0.0002', 'total_loss': '0.0207993', 'main_loss': '0.0167916', 'aux_loss': '4.00771', 'time_per_step': '3.01989'}
2025-11-30 16:15:00,910 - train_greyscale_MoE.py - {'step': '17700', 'lr': '0.0002', 'total_loss': '0.0234257', 'main_loss': '0.0194125', 'aux_loss': '4.01317', 'time_per_step': '2.97882'}
2025-11-30 16:20:12,601 - train_greyscale_MoE.py - {'step': '17800', 'lr': '0.0002', 'total_loss': '0.0210073', 'main_loss': '0.0170026', 'aux_loss': '4.00471', 'time_per_step': '3.06742'}
2025-11-30 16:25:24,998 - train_greyscale_MoE.py - {'step': '17900', 'lr': '0.0002', 'total_loss': '0.0187233', 'main_loss': '0.014722', 'aux_loss': '4.00136', 'time_per_step': '2.57958'}
2025-11-30 16:30:36,694 - train_greyscale_MoE.py - {'step': '18000', 'lr': '0.0002', 'total_loss': '0.0239744', 'main_loss': '0.019969', 'aux_loss': '4.00542', 'time_per_step': '2.63842'}
2025-11-30 16:35:50,349 - train_greyscale_MoE.py - {'step': '18100', 'lr': '0.0002', 'total_loss': '0.0193759', 'main_loss': '0.0153726', 'aux_loss': '4.0033', 'time_per_step': '2.85704'}
2025-11-30 16:41:01,749 - train_greyscale_MoE.py - {'step': '18200', 'lr': '0.0002', 'total_loss': '0.020209', 'main_loss': '0.0162085', 'aux_loss': '4.00052', 'time_per_step': '3.02107'}
2025-11-30 16:46:14,062 - train_greyscale_MoE.py - {'step': '18300', 'lr': '0.0002', 'total_loss': '0.0235949', 'main_loss': '0.0195904', 'aux_loss': '4.00452', 'time_per_step': '3.30334'}
2025-11-30 16:51:25,847 - train_greyscale_MoE.py - {'step': '18400', 'lr': '0.0002', 'total_loss': '0.0156383', 'main_loss': '0.0116365', 'aux_loss': '4.00172', 'time_per_step': '3.08305'}
2025-11-30 16:56:37,545 - train_greyscale_MoE.py - {'step': '18500', 'lr': '0.0002', 'total_loss': '0.0191005', 'main_loss': '0.0150914', 'aux_loss': '4.00904', 'time_per_step': '3.06225'}
2025-11-30 17:01:49,951 - train_greyscale_MoE.py - {'step': '18600', 'lr': '0.0002', 'total_loss': '0.027211', 'main_loss': '0.0232037', 'aux_loss': '4.00733', 'time_per_step': '2.90438'}
2025-11-30 17:07:01,160 - train_greyscale_MoE.py - {'step': '18700', 'lr': '0.0002', 'total_loss': '0.0198314', 'main_loss': '0.0158296', 'aux_loss': '4.00181', 'time_per_step': '2.98687'}
2025-11-30 17:12:14,086 - train_greyscale_MoE.py - {'step': '18800', 'lr': '0.0002', 'total_loss': '0.0204245', 'main_loss': '0.0164226', 'aux_loss': '4.00194', 'time_per_step': '3.34057'}
2025-11-30 17:17:26,305 - train_greyscale_MoE.py - {'step': '18900', 'lr': '0.0002', 'total_loss': '0.0188355', 'main_loss': '0.0148321', 'aux_loss': '4.00333', 'time_per_step': '2.97295'}
2025-11-30 17:22:37,118 - train_greyscale_MoE.py - {'step': '19000', 'lr': '0.0002', 'total_loss': '0.0150775', 'main_loss': '0.0110761', 'aux_loss': '4.0014', 'time_per_step': '2.99784'}
2025-11-30 17:27:50,450 - train_greyscale_MoE.py - {'step': '19100', 'lr': '0.0002', 'total_loss': '0.0209112', 'main_loss': '0.0169101', 'aux_loss': '4.00115', 'time_per_step': '2.8283'}
2025-11-30 17:32:59,050 - train_greyscale_MoE.py - {'step': '19200', 'lr': '0.0002', 'total_loss': '0.0239362', 'main_loss': '0.0199323', 'aux_loss': '4.00392', 'time_per_step': '2.71569'}
2025-11-30 17:38:10,829 - train_greyscale_MoE.py - {'step': '19300', 'lr': '0.0002', 'total_loss': '0.0264589', 'main_loss': '0.0224585', 'aux_loss': '4.00031', 'time_per_step': '2.95008'}
2025-11-30 17:43:24,640 - train_greyscale_MoE.py - {'step': '19400', 'lr': '0.0002', 'total_loss': '0.0212328', 'main_loss': '0.0172258', 'aux_loss': '4.00709', 'time_per_step': '3.00588'}
2025-11-30 17:48:37,014 - train_greyscale_MoE.py - {'step': '19500', 'lr': '0.0002', 'total_loss': '0.0182125', 'main_loss': '0.0142094', 'aux_loss': '4.0031', 'time_per_step': '2.92343'}
2025-11-30 17:53:47,909 - train_greyscale_MoE.py - {'step': '19600', 'lr': '0.0002', 'total_loss': '0.0188279', 'main_loss': '0.0148217', 'aux_loss': '4.00621', 'time_per_step': '2.89767'}
2025-11-30 17:58:58,285 - train_greyscale_MoE.py - {'step': '19700', 'lr': '0.0002', 'total_loss': '0.0221294', 'main_loss': '0.0181289', 'aux_loss': '4.00054', 'time_per_step': '2.89487'}
2025-11-30 18:04:10,803 - train_greyscale_MoE.py - {'step': '19800', 'lr': '0.0002', 'total_loss': '0.0165478', 'main_loss': '0.0125431', 'aux_loss': '4.00468', 'time_per_step': '3.04797'}
2025-11-30 18:09:22,033 - train_greyscale_MoE.py - {'step': '19900', 'lr': '0.0002', 'total_loss': '0.0176048', 'main_loss': '0.0136001', 'aux_loss': '4.00475', 'time_per_step': '2.91874'}
2025-11-30 18:14:34,478 - train_greyscale_MoE.py - {'step': '20000', 'lr': '0.0002', 'total_loss': '0.0183934', 'main_loss': '0.0143912', 'aux_loss': '4.00219', 'time_per_step': '2.97957'}
2025-11-30 18:19:45,593 - train_greyscale_MoE.py - {'step': '20100', 'lr': '0.0002', 'total_loss': '0.0241365', 'main_loss': '0.0201342', 'aux_loss': '4.00229', 'time_per_step': '3.2051'}
2025-11-30 18:24:59,036 - train_greyscale_MoE.py - {'step': '20200', 'lr': '0.0002', 'total_loss': '0.0253279', 'main_loss': '0.0213248', 'aux_loss': '4.00317', 'time_per_step': '2.92609'}
2025-11-30 18:30:10,360 - train_greyscale_MoE.py - {'step': '20300', 'lr': '0.0002', 'total_loss': '0.0223751', 'main_loss': '0.0183742', 'aux_loss': '4.00094', 'time_per_step': '2.70802'}
2025-11-30 18:35:23,894 - train_greyscale_MoE.py - {'step': '20400', 'lr': '0.0002', 'total_loss': '0.0207228', 'main_loss': '0.0167198', 'aux_loss': '4.00304', 'time_per_step': '2.67289'}
2025-11-30 18:40:33,276 - train_greyscale_MoE.py - {'step': '20500', 'lr': '0.0002', 'total_loss': '0.0189623', 'main_loss': '0.0149631', 'aux_loss': '3.9992', 'time_per_step': '2.73054'}
2025-11-30 18:45:44,102 - train_greyscale_MoE.py - {'step': '20600', 'lr': '0.0002', 'total_loss': '0.0222703', 'main_loss': '0.0182625', 'aux_loss': '4.00781', 'time_per_step': '3.17394'}
2025-11-30 18:50:54,062 - train_greyscale_MoE.py - {'step': '20700', 'lr': '0.0002', 'total_loss': '0.0214677', 'main_loss': '0.0174634', 'aux_loss': '4.0043', 'time_per_step': '3.02692'}
2025-11-30 18:56:06,092 - train_greyscale_MoE.py - {'step': '20800', 'lr': '0.0002', 'total_loss': '0.0211475', 'main_loss': '0.0171396', 'aux_loss': '4.0079', 'time_per_step': '2.92637'}
2025-11-30 19:01:15,299 - train_greyscale_MoE.py - {'step': '20900', 'lr': '0.0002', 'total_loss': '0.0223406', 'main_loss': '0.018336', 'aux_loss': '4.00459', 'time_per_step': '3.10598'}
2025-11-30 19:06:26,003 - train_greyscale_MoE.py - {'step': '21000', 'lr': '0.0002', 'total_loss': '0.0226549', 'main_loss': '0.0186542', 'aux_loss': '4.00071', 'time_per_step': '2.93161'}
2025-11-30 19:11:40,383 - train_greyscale_MoE.py - {'step': '21100', 'lr': '0.0002', 'total_loss': '0.0155592', 'main_loss': '0.0115571', 'aux_loss': '4.00217', 'time_per_step': '2.75965'}
2025-11-30 19:16:52,949 - train_greyscale_MoE.py - {'step': '21200', 'lr': '0.0002', 'total_loss': '0.0221911', 'main_loss': '0.0181894', 'aux_loss': '4.00168', 'time_per_step': '3.2439'}
2025-11-30 19:22:05,408 - train_greyscale_MoE.py - {'step': '21300', 'lr': '0.0002', 'total_loss': '0.0204644', 'main_loss': '0.0164645', 'aux_loss': '3.9999', 'time_per_step': '3.30234'}
2025-11-30 19:27:17,304 - train_greyscale_MoE.py - {'step': '21400', 'lr': '0.0002', 'total_loss': '0.0208104', 'main_loss': '0.016809', 'aux_loss': '4.00137', 'time_per_step': '2.94898'}
2025-11-30 19:32:30,040 - train_greyscale_MoE.py - {'step': '21500', 'lr': '0.0002', 'total_loss': '0.0185692', 'main_loss': '0.0145654', 'aux_loss': '4.00383', 'time_per_step': '2.82797'}
2025-11-30 19:37:42,099 - train_greyscale_MoE.py - {'step': '21600', 'lr': '0.0002', 'total_loss': '0.0208503', 'main_loss': '0.0168479', 'aux_loss': '4.00235', 'time_per_step': '2.89834'}
2025-11-30 19:42:54,746 - train_greyscale_MoE.py - {'step': '21700', 'lr': '0.0002', 'total_loss': '0.0208621', 'main_loss': '0.0168594', 'aux_loss': '4.00274', 'time_per_step': '3.04349'}
2025-11-30 19:48:05,884 - train_greyscale_MoE.py - {'step': '21800', 'lr': '0.0002', 'total_loss': '0.0145292', 'main_loss': '0.0105249', 'aux_loss': '4.00429', 'time_per_step': '2.88833'}
2025-11-30 19:53:18,091 - train_greyscale_MoE.py - {'step': '21900', 'lr': '0.0002', 'total_loss': '0.0269459', 'main_loss': '0.0229439', 'aux_loss': '4.00191', 'time_per_step': '3.01127'}
2025-11-30 19:58:28,323 - train_greyscale_MoE.py - {'step': '22000', 'lr': '0.0002', 'total_loss': '0.0192045', 'main_loss': '0.0152004', 'aux_loss': '4.00411', 'time_per_step': '2.95638'}
2025-11-30 20:03:40,142 - train_greyscale_MoE.py - {'step': '22100', 'lr': '0.0002', 'total_loss': '0.013284', 'main_loss': '0.00928135', 'aux_loss': '4.0026', 'time_per_step': '2.82079'}
2025-11-30 20:08:52,202 - train_greyscale_MoE.py - {'step': '22200', 'lr': '0.0002', 'total_loss': '0.0200309', 'main_loss': '0.0160286', 'aux_loss': '4.00237', 'time_per_step': '2.99944'}
2025-11-30 20:14:04,038 - train_greyscale_MoE.py - {'step': '22300', 'lr': '0.0002', 'total_loss': '0.0188926', 'main_loss': '0.0148871', 'aux_loss': '4.00544', 'time_per_step': '2.95006'}
2025-11-30 20:19:15,170 - train_greyscale_MoE.py - {'step': '22400', 'lr': '0.0002', 'total_loss': '0.0195425', 'main_loss': '0.0155389', 'aux_loss': '4.00367', 'time_per_step': '3.31994'}
2025-11-30 20:24:27,939 - train_greyscale_MoE.py - {'step': '22500', 'lr': '0.0002', 'total_loss': '0.0201408', 'main_loss': '0.0161406', 'aux_loss': '4.00018', 'time_per_step': '2.91693'}
2025-11-30 20:29:41,109 - train_greyscale_MoE.py - {'step': '22600', 'lr': '0.0002', 'total_loss': '0.0223369', 'main_loss': '0.0183338', 'aux_loss': '4.00314', 'time_per_step': '3.21906'}
2025-11-30 20:34:53,189 - train_greyscale_MoE.py - {'step': '22700', 'lr': '0.0002', 'total_loss': '0.0202529', 'main_loss': '0.0162461', 'aux_loss': '4.00677', 'time_per_step': '2.84229'}
2025-11-30 20:40:04,183 - train_greyscale_MoE.py - {'step': '22800', 'lr': '0.0002', 'total_loss': '0.0207973', 'main_loss': '0.0167933', 'aux_loss': '4.00401', 'time_per_step': '2.62229'}
2025-11-30 20:45:16,958 - train_greyscale_MoE.py - {'step': '22900', 'lr': '0.0002', 'total_loss': '0.0206091', 'main_loss': '0.0166069', 'aux_loss': '4.00222', 'time_per_step': '2.95726'}
2025-11-30 20:50:27,799 - train_greyscale_MoE.py - {'step': '23000', 'lr': '0.0002', 'total_loss': '0.0150782', 'main_loss': '0.0110769', 'aux_loss': '4.00125', 'time_per_step': '2.97416'}
2025-11-30 20:55:39,750 - train_greyscale_MoE.py - {'step': '23100', 'lr': '0.0002', 'total_loss': '0.0199618', 'main_loss': '0.0159598', 'aux_loss': '4.00191', 'time_per_step': '3.07832'}
2025-11-30 21:00:52,286 - train_greyscale_MoE.py - {'step': '23200', 'lr': '0.0002', 'total_loss': '0.0149648', 'main_loss': '0.010962', 'aux_loss': '4.00281', 'time_per_step': '2.92481'}
2025-11-30 21:06:04,390 - train_greyscale_MoE.py - {'step': '23300', 'lr': '0.0002', 'total_loss': '0.0206293', 'main_loss': '0.0166264', 'aux_loss': '4.00289', 'time_per_step': '2.87208'}
2025-11-30 21:11:16,133 - train_greyscale_MoE.py - {'step': '23400', 'lr': '0.0002', 'total_loss': '0.0229588', 'main_loss': '0.0189547', 'aux_loss': '4.00417', 'time_per_step': '3.01156'}
2025-11-30 21:16:27,486 - train_greyscale_MoE.py - {'step': '23500', 'lr': '0.0002', 'total_loss': '0.0229267', 'main_loss': '0.0189235', 'aux_loss': '4.00328', 'time_per_step': '2.93559'}
2025-11-30 21:21:38,901 - train_greyscale_MoE.py - {'step': '23600', 'lr': '0.0002', 'total_loss': '0.0217642', 'main_loss': '0.0177576', 'aux_loss': '4.00658', 'time_per_step': '3.11976'}
2025-11-30 21:26:48,454 - train_greyscale_MoE.py - {'step': '23700', 'lr': '0.0002', 'total_loss': '0.019265', 'main_loss': '0.015263', 'aux_loss': '4.00202', 'time_per_step': '3.07069'}
2025-11-30 21:31:58,831 - train_greyscale_MoE.py - {'step': '23800', 'lr': '0.0002', 'total_loss': '0.0222575', 'main_loss': '0.0182546', 'aux_loss': '4.00288', 'time_per_step': '2.9814'}
2025-11-30 21:37:08,465 - train_greyscale_MoE.py - {'step': '23900', 'lr': '0.0002', 'total_loss': '0.0214905', 'main_loss': '0.0174899', 'aux_loss': '4.00058', 'time_per_step': '2.70997'}
2025-11-30 21:42:18,845 - train_greyscale_MoE.py - {'step': '24000', 'lr': '0.0002', 'total_loss': '0.020464', 'main_loss': '0.0164572', 'aux_loss': '4.00679', 'time_per_step': '2.71797'}
2025-11-30 21:47:32,397 - train_greyscale_MoE.py - {'step': '24100', 'lr': '0.0002', 'total_loss': '0.0196624', 'main_loss': '0.0156626', 'aux_loss': '3.99977', 'time_per_step': '3.01548'}
2025-11-30 21:52:43,755 - train_greyscale_MoE.py - {'step': '24200', 'lr': '0.0002', 'total_loss': '0.0149809', 'main_loss': '0.0109789', 'aux_loss': '4.00203', 'time_per_step': '3.36442'}
2025-11-30 21:57:53,284 - train_greyscale_MoE.py - {'step': '24300', 'lr': '0.0002', 'total_loss': '0.0172805', 'main_loss': '0.0132771', 'aux_loss': '4.00337', 'time_per_step': '2.90455'}
2025-11-30 22:03:03,230 - train_greyscale_MoE.py - {'step': '24400', 'lr': '0.0002', 'total_loss': '0.0196199', 'main_loss': '0.0156185', 'aux_loss': '4.00139', 'time_per_step': '2.95454'}
2025-11-30 22:08:13,111 - train_greyscale_MoE.py - {'step': '24500', 'lr': '0.0002', 'total_loss': '0.0155979', 'main_loss': '0.0115964', 'aux_loss': '4.0015', 'time_per_step': '3.04486'}
2025-11-30 22:13:24,062 - train_greyscale_MoE.py - {'step': '24600', 'lr': '0.0002', 'total_loss': '0.019929', 'main_loss': '0.0159231', 'aux_loss': '4.00585', 'time_per_step': '3.00162'}
2025-11-30 22:18:35,087 - train_greyscale_MoE.py - {'step': '24700', 'lr': '0.0002', 'total_loss': '0.0125933', 'main_loss': '0.0085949', 'aux_loss': '3.99838', 'time_per_step': '2.98066'}
2025-11-30 22:23:44,009 - train_greyscale_MoE.py - {'step': '24800', 'lr': '0.0002', 'total_loss': '0.0188509', 'main_loss': '0.014851', 'aux_loss': '3.99986', 'time_per_step': '3.18546'}
2025-11-30 22:28:54,368 - train_greyscale_MoE.py - {'step': '24900', 'lr': '0.0002', 'total_loss': '0.017626', 'main_loss': '0.013624', 'aux_loss': '4.00202', 'time_per_step': '2.95105'}
2025-11-30 22:34:04,354 - train_greyscale_MoE.py - {'step': '25000', 'lr': '0.0002', 'total_loss': '0.0208904', 'main_loss': '0.0168878', 'aux_loss': '4.00261', 'time_per_step': '3.0247'}
2025-11-30 22:34:04,366 - train_greyscale_MoE.py - Save a grid of 16 samples into output_shift/acdc_wholeheart_uncond_2MoE_greyscale_uvit_mid_4by4_Y_bound/samples/25000.png by DPM-Solver
2025-11-30 22:39:28,710 - train_greyscale_MoE.py - {'step': '25100', 'lr': '0.0002', 'total_loss': '0.0174933', 'main_loss': '0.0134914', 'aux_loss': '4.0019', 'time_per_step': '2.81608'}
2025-11-30 22:44:35,979 - train_greyscale_MoE.py - {'step': '25200', 'lr': '0.0002', 'total_loss': '0.0208356', 'main_loss': '0.0168301', 'aux_loss': '4.00544', 'time_per_step': '2.66762'}
2025-11-30 22:49:47,653 - train_greyscale_MoE.py - {'step': '25300', 'lr': '0.0002', 'total_loss': '0.0215858', 'main_loss': '0.0175854', 'aux_loss': '4.00034', 'time_per_step': '3.0446'}
2025-11-30 22:54:59,332 - train_greyscale_MoE.py - {'step': '25400', 'lr': '0.0002', 'total_loss': '0.0167815', 'main_loss': '0.0127812', 'aux_loss': '4.0003', 'time_per_step': '2.95844'}
2025-11-30 23:00:09,766 - train_greyscale_MoE.py - {'step': '25500', 'lr': '0.0002', 'total_loss': '0.0221424', 'main_loss': '0.0181435', 'aux_loss': '3.99881', 'time_per_step': '2.88319'}
2025-11-30 23:05:18,653 - train_greyscale_MoE.py - {'step': '25600', 'lr': '0.0002', 'total_loss': '0.0217382', 'main_loss': '0.0177379', 'aux_loss': '4.0003', 'time_per_step': '3.05926'}
2025-11-30 23:10:30,714 - train_greyscale_MoE.py - {'step': '25700', 'lr': '0.0002', 'total_loss': '0.015431', 'main_loss': '0.0114285', 'aux_loss': '4.00252', 'time_per_step': '2.8819'}
2025-11-30 23:15:43,801 - train_greyscale_MoE.py - {'step': '25800', 'lr': '0.0002', 'total_loss': '0.019926', 'main_loss': '0.0159258', 'aux_loss': '4.00025', 'time_per_step': '3.22408'}
2025-11-30 23:20:55,668 - train_greyscale_MoE.py - {'step': '25900', 'lr': '0.0002', 'total_loss': '0.018237', 'main_loss': '0.0142287', 'aux_loss': '4.00833', 'time_per_step': '3.07176'}
2025-11-30 23:26:06,537 - train_greyscale_MoE.py - {'step': '26000', 'lr': '0.0002', 'total_loss': '0.018607', 'main_loss': '0.014607', 'aux_loss': '4.00006', 'time_per_step': '3.03209'}
2025-11-30 23:31:18,861 - train_greyscale_MoE.py - {'step': '26100', 'lr': '0.0002', 'total_loss': '0.015306', 'main_loss': '0.0113009', 'aux_loss': '4.00509', 'time_per_step': '2.87578'}
2025-11-30 23:36:30,095 - train_greyscale_MoE.py - {'step': '26200', 'lr': '0.0002', 'total_loss': '0.0218481', 'main_loss': '0.0178474', 'aux_loss': '4.00074', 'time_per_step': '2.79598'}
2025-11-30 23:41:39,154 - train_greyscale_MoE.py - {'step': '26300', 'lr': '0.0002', 'total_loss': '0.020027', 'main_loss': '0.0160255', 'aux_loss': '4.00149', 'time_per_step': '2.8919'}
2025-11-30 23:46:49,443 - train_greyscale_MoE.py - {'step': '26400', 'lr': '0.0002', 'total_loss': '0.0227042', 'main_loss': '0.0187036', 'aux_loss': '4.00061', 'time_per_step': '2.61054'}
2025-11-30 23:52:03,327 - train_greyscale_MoE.py - {'step': '26500', 'lr': '0.0002', 'total_loss': '0.0188056', 'main_loss': '0.0148021', 'aux_loss': '4.00348', 'time_per_step': '2.91076'}
2025-11-30 23:57:13,014 - train_greyscale_MoE.py - {'step': '26600', 'lr': '0.0002', 'total_loss': '0.0208758', 'main_loss': '0.0168738', 'aux_loss': '4.00198', 'time_per_step': '3.0619'}
2025-12-01 00:02:25,108 - train_greyscale_MoE.py - {'step': '26700', 'lr': '0.0002', 'total_loss': '0.0216255', 'main_loss': '0.0176251', 'aux_loss': '4.00039', 'time_per_step': '3.0576'}
2025-12-01 00:07:37,325 - train_greyscale_MoE.py - {'step': '26800', 'lr': '0.0002', 'total_loss': '0.0160835', 'main_loss': '0.0120794', 'aux_loss': '4.0041', 'time_per_step': '2.88186'}
2025-12-01 00:12:47,414 - train_greyscale_MoE.py - {'step': '26900', 'lr': '0.0002', 'total_loss': '0.0191474', 'main_loss': '0.015143', 'aux_loss': '4.00441', 'time_per_step': '2.93394'}
2025-12-01 00:17:58,604 - train_greyscale_MoE.py - {'step': '27000', 'lr': '0.0002', 'total_loss': '0.0203966', 'main_loss': '0.0163898', 'aux_loss': '4.00672', 'time_per_step': '3.16191'}
2025-12-01 00:23:08,380 - train_greyscale_MoE.py - {'step': '27100', 'lr': '0.0002', 'total_loss': '0.0202416', 'main_loss': '0.0162415', 'aux_loss': '4.00008', 'time_per_step': '3.06229'}
2025-12-01 00:28:22,129 - train_greyscale_MoE.py - {'step': '27200', 'lr': '0.0002', 'total_loss': '0.0225724', 'main_loss': '0.0185711', 'aux_loss': '4.00137', 'time_per_step': '2.88143'}
2025-12-01 00:33:33,748 - train_greyscale_MoE.py - {'step': '27300', 'lr': '0.0002', 'total_loss': '0.0159356', 'main_loss': '0.0119363', 'aux_loss': '3.99925', 'time_per_step': '3.01986'}
2025-12-01 00:38:42,796 - train_greyscale_MoE.py - {'step': '27400', 'lr': '0.0002', 'total_loss': '0.0223575', 'main_loss': '0.0183539', 'aux_loss': '4.00369', 'time_per_step': '2.95015'}
2025-12-01 00:43:53,867 - train_greyscale_MoE.py - {'step': '27500', 'lr': '0.0002', 'total_loss': '0.0152017', 'main_loss': '0.0112011', 'aux_loss': '4.00063', 'time_per_step': '2.6694'}
2025-12-01 00:49:03,253 - train_greyscale_MoE.py - {'step': '27600', 'lr': '0.0002', 'total_loss': '0.0180663', 'main_loss': '0.0140639', 'aux_loss': '4.00233', 'time_per_step': '2.74393'}
2025-12-01 00:54:16,954 - train_greyscale_MoE.py - {'step': '27700', 'lr': '0.0002', 'total_loss': '0.01548', 'main_loss': '0.0114769', 'aux_loss': '4.00309', 'time_per_step': '2.94526'}
2025-12-01 00:59:30,308 - train_greyscale_MoE.py - {'step': '27800', 'lr': '0.0002', 'total_loss': '0.0180532', 'main_loss': '0.0140484', 'aux_loss': '4.00474', 'time_per_step': '2.97441'}
2025-12-01 01:04:44,172 - train_greyscale_MoE.py - {'step': '27900', 'lr': '0.0002', 'total_loss': '0.0171868', 'main_loss': '0.0131874', 'aux_loss': '3.99943', 'time_per_step': '3.15916'}
2025-12-01 01:09:56,659 - train_greyscale_MoE.py - {'step': '28000', 'lr': '0.0002', 'total_loss': '0.0165543', 'main_loss': '0.0125553', 'aux_loss': '3.99896', 'time_per_step': '2.74808'}
2025-12-01 01:15:09,383 - train_greyscale_MoE.py - {'step': '28100', 'lr': '0.0002', 'total_loss': '0.0228262', 'main_loss': '0.0188241', 'aux_loss': '4.00203', 'time_per_step': '2.83935'}
2025-12-01 01:20:21,681 - train_greyscale_MoE.py - {'step': '28200', 'lr': '0.0002', 'total_loss': '0.021937', 'main_loss': '0.017937', 'aux_loss': '3.99995', 'time_per_step': '2.86748'}
2025-12-01 01:25:32,581 - train_greyscale_MoE.py - {'step': '28300', 'lr': '0.0002', 'total_loss': '0.020673', 'main_loss': '0.0166721', 'aux_loss': '4.00087', 'time_per_step': '3.05018'}
2025-12-01 01:30:43,940 - train_greyscale_MoE.py - {'step': '28400', 'lr': '0.0002', 'total_loss': '0.017341', 'main_loss': '0.0133438', 'aux_loss': '3.9972', 'time_per_step': '3.03667'}
2025-12-01 01:35:55,372 - train_greyscale_MoE.py - {'step': '28500', 'lr': '0.0002', 'total_loss': '0.0182145', 'main_loss': '0.0142154', 'aux_loss': '3.99902', 'time_per_step': '2.79942'}
2025-12-01 01:41:06,370 - train_greyscale_MoE.py - {'step': '28600', 'lr': '0.0002', 'total_loss': '0.0189644', 'main_loss': '0.0149648', 'aux_loss': '3.99952', 'time_per_step': '2.84317'}
2025-12-01 01:46:17,837 - train_greyscale_MoE.py - {'step': '28700', 'lr': '0.0002', 'total_loss': '0.0213023', 'main_loss': '0.0173022', 'aux_loss': '4.00017', 'time_per_step': '2.77955'}
2025-12-01 01:51:27,880 - train_greyscale_MoE.py - {'step': '28800', 'lr': '0.0002', 'total_loss': '0.0174037', 'main_loss': '0.0134044', 'aux_loss': '3.9993', 'time_per_step': '2.77712'}
2025-12-01 01:56:39,861 - train_greyscale_MoE.py - {'step': '28900', 'lr': '0.0002', 'total_loss': '0.0147556', 'main_loss': '0.0107575', 'aux_loss': '3.99803', 'time_per_step': '3.108'}
2025-12-01 02:01:51,120 - train_greyscale_MoE.py - {'step': '29000', 'lr': '0.0002', 'total_loss': '0.0136118', 'main_loss': '0.00961006', 'aux_loss': '4.00179', 'time_per_step': '3.08055'}
2025-12-01 02:07:03,500 - train_greyscale_MoE.py - {'step': '29100', 'lr': '0.0002', 'total_loss': '0.0206666', 'main_loss': '0.0166662', 'aux_loss': '4.00037', 'time_per_step': '2.96334'}
2025-12-01 02:12:16,701 - train_greyscale_MoE.py - {'step': '29200', 'lr': '0.0002', 'total_loss': '0.0174111', 'main_loss': '0.0134104', 'aux_loss': '4.00062', 'time_per_step': '3.14898'}
2025-12-01 02:17:29,193 - train_greyscale_MoE.py - {'step': '29300', 'lr': '0.0002', 'total_loss': '0.0157897', 'main_loss': '0.0117887', 'aux_loss': '4.00109', 'time_per_step': '2.92159'}
2025-12-01 02:22:40,054 - train_greyscale_MoE.py - {'step': '29400', 'lr': '0.0002', 'total_loss': '0.0208034', 'main_loss': '0.0168013', 'aux_loss': '4.00212', 'time_per_step': '2.97124'}
2025-12-01 02:27:53,282 - train_greyscale_MoE.py - {'step': '29500', 'lr': '0.0002', 'total_loss': '0.0184031', 'main_loss': '0.0143989', 'aux_loss': '4.00423', 'time_per_step': '3.05621'}
2025-12-01 02:33:05,097 - train_greyscale_MoE.py - {'step': '29600', 'lr': '0.0002', 'total_loss': '0.0196843', 'main_loss': '0.0156854', 'aux_loss': '3.9989', 'time_per_step': '2.88248'}
2025-12-01 02:38:17,454 - train_greyscale_MoE.py - {'step': '29700', 'lr': '0.0002', 'total_loss': '0.0148078', 'main_loss': '0.0108037', 'aux_loss': '4.00413', 'time_per_step': '2.96124'}
2025-12-01 02:43:31,380 - train_greyscale_MoE.py - {'step': '29800', 'lr': '0.0002', 'total_loss': '0.0178965', 'main_loss': '0.0138928', 'aux_loss': '4.0037', 'time_per_step': '2.98725'}
2025-12-01 02:48:43,266 - train_greyscale_MoE.py - {'step': '29900', 'lr': '0.0002', 'total_loss': '0.0228609', 'main_loss': '0.0188597', 'aux_loss': '4.00123', 'time_per_step': '3.06429'}
2025-12-01 02:53:55,369 - train_greyscale_MoE.py - {'step': '30000', 'lr': '0.0002', 'total_loss': '0.0233871', 'main_loss': '0.0193812', 'aux_loss': '4.00584', 'time_per_step': '2.90386'}
2025-12-01 02:59:08,737 - train_greyscale_MoE.py - {'step': '30100', 'lr': '0.0002', 'total_loss': '0.0168622', 'main_loss': '0.012858', 'aux_loss': '4.00418', 'time_per_step': '2.99731'}
2025-12-01 03:04:20,380 - train_greyscale_MoE.py - {'step': '30200', 'lr': '0.0002', 'total_loss': '0.0188242', 'main_loss': '0.0148214', 'aux_loss': '4.00278', 'time_per_step': '3.05616'}
2025-12-01 03:09:32,316 - train_greyscale_MoE.py - {'step': '30300', 'lr': '0.0002', 'total_loss': '0.0174511', 'main_loss': '0.0134481', 'aux_loss': '4.00298', 'time_per_step': '3.06293'}
2025-12-01 03:14:45,046 - train_greyscale_MoE.py - {'step': '30400', 'lr': '0.0002', 'total_loss': '0.0161548', 'main_loss': '0.0121539', 'aux_loss': '4.00085', 'time_per_step': '3.00789'}
2025-12-01 03:19:56,485 - train_greyscale_MoE.py - {'step': '30500', 'lr': '0.0002', 'total_loss': '0.0190171', 'main_loss': '0.0150155', 'aux_loss': '4.00158', 'time_per_step': '2.98545'}
2025-12-01 03:25:08,064 - train_greyscale_MoE.py - {'step': '30600', 'lr': '0.0002', 'total_loss': '0.0168676', 'main_loss': '0.0128671', 'aux_loss': '4.00049', 'time_per_step': '2.90878'}
2025-12-01 03:30:20,480 - train_greyscale_MoE.py - {'step': '30700', 'lr': '0.0002', 'total_loss': '0.0183221', 'main_loss': '0.0143242', 'aux_loss': '3.99796', 'time_per_step': '2.91474'}
2025-12-01 03:35:33,094 - train_greyscale_MoE.py - {'step': '30800', 'lr': '0.0002', 'total_loss': '0.0175776', 'main_loss': '0.0135778', 'aux_loss': '3.99983', 'time_per_step': '2.88178'}
2025-12-01 03:40:44,456 - train_greyscale_MoE.py - {'step': '30900', 'lr': '0.0002', 'total_loss': '0.0178406', 'main_loss': '0.013839', 'aux_loss': '4.00164', 'time_per_step': '3.03665'}
2025-12-01 03:45:53,954 - train_greyscale_MoE.py - {'step': '31000', 'lr': '0.0002', 'total_loss': '0.0188226', 'main_loss': '0.0148202', 'aux_loss': '4.00247', 'time_per_step': '3.08928'}
2025-12-01 03:51:05,371 - train_greyscale_MoE.py - {'step': '31100', 'lr': '0.0002', 'total_loss': '0.0146169', 'main_loss': '0.0106167', 'aux_loss': '4.00023', 'time_per_step': '2.68935'}
2025-12-01 03:56:19,002 - train_greyscale_MoE.py - {'step': '31200', 'lr': '0.0002', 'total_loss': '0.0211027', 'main_loss': '0.0170994', 'aux_loss': '4.00326', 'time_per_step': '2.80673'}
2025-12-01 04:01:30,466 - train_greyscale_MoE.py - {'step': '31300', 'lr': '0.0002', 'total_loss': '0.0169308', 'main_loss': '0.012928', 'aux_loss': '4.00281', 'time_per_step': '2.99645'}
2025-12-01 04:06:40,941 - train_greyscale_MoE.py - {'step': '31400', 'lr': '0.0002', 'total_loss': '0.0159443', 'main_loss': '0.0119426', 'aux_loss': '4.00171', 'time_per_step': '2.93425'}
2025-12-01 04:11:53,700 - train_greyscale_MoE.py - {'step': '31500', 'lr': '0.0002', 'total_loss': '0.022669', 'main_loss': '0.0186705', 'aux_loss': '3.99847', 'time_per_step': '3.03595'}
2025-12-01 04:17:04,578 - train_greyscale_MoE.py - {'step': '31600', 'lr': '0.0002', 'total_loss': '0.0180849', 'main_loss': '0.0140811', 'aux_loss': '4.0038', 'time_per_step': '2.93099'}
2025-12-01 04:22:15,634 - train_greyscale_MoE.py - {'step': '31700', 'lr': '0.0002', 'total_loss': '0.021896', 'main_loss': '0.017895', 'aux_loss': '4.00096', 'time_per_step': '3.10415'}
2025-12-01 04:27:27,405 - train_greyscale_MoE.py - {'step': '31800', 'lr': '0.0002', 'total_loss': '0.0163624', 'main_loss': '0.0123638', 'aux_loss': '3.99852', 'time_per_step': '2.96798'}
2025-12-01 04:32:39,585 - train_greyscale_MoE.py - {'step': '31900', 'lr': '0.0002', 'total_loss': '0.0173501', 'main_loss': '0.0133505', 'aux_loss': '3.99958', 'time_per_step': '3.13078'}
2025-12-01 04:37:51,008 - train_greyscale_MoE.py - {'step': '32000', 'lr': '0.0002', 'total_loss': '0.0177234', 'main_loss': '0.0137213', 'aux_loss': '4.00211', 'time_per_step': '2.97623'}
2025-12-01 04:43:02,627 - train_greyscale_MoE.py - {'step': '32100', 'lr': '0.0002', 'total_loss': '0.0170579', 'main_loss': '0.0130586', 'aux_loss': '3.99929', 'time_per_step': '3.00092'}
2025-12-01 04:48:14,040 - train_greyscale_MoE.py - {'step': '32200', 'lr': '0.0002', 'total_loss': '0.0216742', 'main_loss': '0.0176741', 'aux_loss': '4.00018', 'time_per_step': '3.10909'}
2025-12-01 04:53:27,084 - train_greyscale_MoE.py - {'step': '32300', 'lr': '0.0002', 'total_loss': '0.0162943', 'main_loss': '0.0122917', 'aux_loss': '4.0026', 'time_per_step': '2.7503'}
2025-12-01 04:58:36,840 - train_greyscale_MoE.py - {'step': '32400', 'lr': '0.0002', 'total_loss': '0.0160704', 'main_loss': '0.0120691', 'aux_loss': '4.00129', 'time_per_step': '2.81229'}
2025-12-01 05:03:48,350 - train_greyscale_MoE.py - {'step': '32500', 'lr': '0.0002', 'total_loss': '0.018107', 'main_loss': '0.0141086', 'aux_loss': '3.99831', 'time_per_step': '2.74805'}
2025-12-01 05:09:00,282 - train_greyscale_MoE.py - {'step': '32600', 'lr': '0.0002', 'total_loss': '0.0206003', 'main_loss': '0.0165967', 'aux_loss': '4.00359', 'time_per_step': '2.843'}
2025-12-01 05:14:12,308 - train_greyscale_MoE.py - {'step': '32700', 'lr': '0.0002', 'total_loss': '0.0185794', 'main_loss': '0.0145799', 'aux_loss': '3.99951', 'time_per_step': '2.81274'}
2025-12-01 05:19:23,453 - train_greyscale_MoE.py - {'step': '32800', 'lr': '0.0002', 'total_loss': '0.019826', 'main_loss': '0.0158265', 'aux_loss': '3.9995', 'time_per_step': '2.8808'}
2025-12-01 05:24:35,431 - train_greyscale_MoE.py - {'step': '32900', 'lr': '0.0002', 'total_loss': '0.0192379', 'main_loss': '0.0152357', 'aux_loss': '4.00217', 'time_per_step': '2.92202'}
2025-12-01 05:29:48,241 - train_greyscale_MoE.py - {'step': '33000', 'lr': '0.0002', 'total_loss': '0.0175086', 'main_loss': '0.013507', 'aux_loss': '4.00155', 'time_per_step': '3.0783'}
2025-12-01 05:35:00,051 - train_greyscale_MoE.py - {'step': '33100', 'lr': '0.0002', 'total_loss': '0.0174548', 'main_loss': '0.0134538', 'aux_loss': '4.00096', 'time_per_step': '3.00999'}
2025-12-01 05:40:08,795 - train_greyscale_MoE.py - {'step': '33200', 'lr': '0.0002', 'total_loss': '0.0160379', 'main_loss': '0.0120391', 'aux_loss': '3.99876', 'time_per_step': '2.9533'}
2025-12-01 05:45:18,820 - train_greyscale_MoE.py - {'step': '33300', 'lr': '0.0002', 'total_loss': '0.0167023', 'main_loss': '0.0126964', 'aux_loss': '4.00588', 'time_per_step': '2.9413'}
2025-12-01 05:50:29,801 - train_greyscale_MoE.py - {'step': '33400', 'lr': '0.0002', 'total_loss': '0.0187553', 'main_loss': '0.0147547', 'aux_loss': '4.00052', 'time_per_step': '2.87631'}
2025-12-01 05:55:43,808 - train_greyscale_MoE.py - {'step': '33500', 'lr': '0.0002', 'total_loss': '0.0179507', 'main_loss': '0.0139509', 'aux_loss': '3.99982', 'time_per_step': '3.43482'}
2025-12-01 06:00:55,389 - train_greyscale_MoE.py - {'step': '33600', 'lr': '0.0002', 'total_loss': '0.0182038', 'main_loss': '0.0142047', 'aux_loss': '3.99912', 'time_per_step': '2.71534'}
2025-12-01 06:06:08,135 - train_greyscale_MoE.py - {'step': '33700', 'lr': '0.0002', 'total_loss': '0.0158703', 'main_loss': '0.0118722', 'aux_loss': '3.99806', 'time_per_step': '2.93376'}
2025-12-01 06:11:21,347 - train_greyscale_MoE.py - {'step': '33800', 'lr': '0.0002', 'total_loss': '0.0174431', 'main_loss': '0.0134466', 'aux_loss': '3.99646', 'time_per_step': '3.03975'}
2025-12-01 06:16:35,998 - train_greyscale_MoE.py - {'step': '33900', 'lr': '0.0002', 'total_loss': '0.0178875', 'main_loss': '0.0138812', 'aux_loss': '4.00621', 'time_per_step': '3.01583'}
2025-12-01 06:21:48,361 - train_greyscale_MoE.py - {'step': '34000', 'lr': '0.0002', 'total_loss': '0.0189306', 'main_loss': '0.0149264', 'aux_loss': '4.00424', 'time_per_step': '3.02245'}
2025-12-01 06:26:59,779 - train_greyscale_MoE.py - {'step': '34100', 'lr': '0.0002', 'total_loss': '0.0172062', 'main_loss': '0.013211', 'aux_loss': '3.99519', 'time_per_step': '2.92149'}
2025-12-01 06:32:10,740 - train_greyscale_MoE.py - {'step': '34200', 'lr': '0.0002', 'total_loss': '0.0172115', 'main_loss': '0.0132136', 'aux_loss': '3.9979', 'time_per_step': '2.93133'}
2025-12-01 06:37:22,550 - train_greyscale_MoE.py - {'step': '34300', 'lr': '0.0002', 'total_loss': '0.0171144', 'main_loss': '0.0131157', 'aux_loss': '3.99871', 'time_per_step': '3.0563'}
2025-12-01 06:42:33,797 - train_greyscale_MoE.py - {'step': '34400', 'lr': '0.0002', 'total_loss': '0.0159344', 'main_loss': '0.0119357', 'aux_loss': '3.99869', 'time_per_step': '2.92025'}
2025-12-01 06:47:47,084 - train_greyscale_MoE.py - {'step': '34500', 'lr': '0.0002', 'total_loss': '0.0200063', 'main_loss': '0.0160088', 'aux_loss': '3.99753', 'time_per_step': '3.06697'}
2025-12-01 06:52:56,865 - train_greyscale_MoE.py - {'step': '34600', 'lr': '0.0002', 'total_loss': '0.017306', 'main_loss': '0.0133093', 'aux_loss': '3.99677', 'time_per_step': '2.78279'}
2025-12-01 06:58:07,680 - train_greyscale_MoE.py - {'step': '34700', 'lr': '0.0002', 'total_loss': '0.0167525', 'main_loss': '0.012755', 'aux_loss': '3.99746', 'time_per_step': '2.78804'}
2025-12-01 07:03:16,759 - train_greyscale_MoE.py - {'step': '34800', 'lr': '0.0002', 'total_loss': '0.0147742', 'main_loss': '0.0107692', 'aux_loss': '4.00496', 'time_per_step': '2.73351'}
2025-12-01 07:08:29,096 - train_greyscale_MoE.py - {'step': '34900', 'lr': '0.0002', 'total_loss': '0.0219393', 'main_loss': '0.0179446', 'aux_loss': '3.99474', 'time_per_step': '2.8475'}
2025-12-01 07:13:41,614 - train_greyscale_MoE.py - {'step': '35000', 'lr': '0.0002', 'total_loss': '0.0166068', 'main_loss': '0.0126097', 'aux_loss': '3.9971', 'time_per_step': '3.12721'}
2025-12-01 07:18:54,240 - train_greyscale_MoE.py - {'step': '35100', 'lr': '0.0002', 'total_loss': '0.0161017', 'main_loss': '0.0121038', 'aux_loss': '3.99786', 'time_per_step': '3.18337'}
2025-12-01 07:24:05,593 - train_greyscale_MoE.py - {'step': '35200', 'lr': '0.0002', 'total_loss': '0.01538', 'main_loss': '0.0113799', 'aux_loss': '4.00009', 'time_per_step': '2.9857'}
2025-12-01 07:29:17,367 - train_greyscale_MoE.py - {'step': '35300', 'lr': '0.0002', 'total_loss': '0.0193205', 'main_loss': '0.0153174', 'aux_loss': '4.00312', 'time_per_step': '2.95888'}
2025-12-01 07:34:33,768 - train_greyscale_MoE.py - {'step': '35400', 'lr': '0.0002', 'total_loss': '0.0185251', 'main_loss': '0.0145229', 'aux_loss': '4.00218', 'time_per_step': '3.01644'}
2025-12-01 07:40:29,836 - train_greyscale_MoE.py - {'step': '35500', 'lr': '0.0002', 'total_loss': '0.0163177', 'main_loss': '0.0123206', 'aux_loss': '3.99714', 'time_per_step': '2.99048'}
2025-12-01 07:45:42,256 - train_greyscale_MoE.py - {'step': '35600', 'lr': '0.0002', 'total_loss': '0.0218527', 'main_loss': '0.0178564', 'aux_loss': '3.99637', 'time_per_step': '2.93461'}
2025-12-01 07:50:55,000 - train_greyscale_MoE.py - {'step': '35700', 'lr': '0.0002', 'total_loss': '0.0184534', 'main_loss': '0.014458', 'aux_loss': '3.99545', 'time_per_step': '3.06437'}
2025-12-01 07:56:08,299 - train_greyscale_MoE.py - {'step': '35800', 'lr': '0.0002', 'total_loss': '0.0165867', 'main_loss': '0.0125907', 'aux_loss': '3.99596', 'time_per_step': '3.08232'}
2025-12-01 08:01:18,451 - train_greyscale_MoE.py - {'step': '35900', 'lr': '0.0002', 'total_loss': '0.0167121', 'main_loss': '0.0127131', 'aux_loss': '3.99905', 'time_per_step': '2.87008'}
2025-12-01 08:06:27,158 - train_greyscale_MoE.py - {'step': '36000', 'lr': '0.0002', 'total_loss': '0.0134653', 'main_loss': '0.00946495', 'aux_loss': '4.00037', 'time_per_step': '2.72827'}
2025-12-01 08:11:39,075 - train_greyscale_MoE.py - {'step': '36100', 'lr': '0.0002', 'total_loss': '0.0199243', 'main_loss': '0.0159253', 'aux_loss': '3.99897', 'time_per_step': '2.78591'}
2025-12-01 08:16:53,353 - train_greyscale_MoE.py - {'step': '36200', 'lr': '0.0002', 'total_loss': '0.0156999', 'main_loss': '0.0117013', 'aux_loss': '3.99855', 'time_per_step': '2.84212'}
2025-12-01 08:22:04,493 - train_greyscale_MoE.py - {'step': '36300', 'lr': '0.0002', 'total_loss': '0.0182257', 'main_loss': '0.0142287', 'aux_loss': '3.997', 'time_per_step': '2.96783'}
2025-12-01 08:27:15,309 - train_greyscale_MoE.py - {'step': '36400', 'lr': '0.0002', 'total_loss': '0.0135152', 'main_loss': '0.00952016', 'aux_loss': '3.99506', 'time_per_step': '2.99613'}
2025-12-01 08:32:25,922 - train_greyscale_MoE.py - {'step': '36500', 'lr': '0.0002', 'total_loss': '0.0153352', 'main_loss': '0.0113355', 'aux_loss': '3.99969', 'time_per_step': '2.86733'}
2025-12-01 08:37:37,164 - train_greyscale_MoE.py - {'step': '36600', 'lr': '0.0002', 'total_loss': '0.0174898', 'main_loss': '0.0134946', 'aux_loss': '3.99528', 'time_per_step': '3.09562'}
2025-12-01 08:42:49,449 - train_greyscale_MoE.py - {'step': '36700', 'lr': '0.0002', 'total_loss': '0.023906', 'main_loss': '0.0199077', 'aux_loss': '3.99837', 'time_per_step': '3.04932'}
2025-12-01 08:47:59,654 - train_greyscale_MoE.py - {'step': '36800', 'lr': '0.0002', 'total_loss': '0.0209619', 'main_loss': '0.0169657', 'aux_loss': '3.99621', 'time_per_step': '2.80943'}
2025-12-01 08:53:08,833 - train_greyscale_MoE.py - {'step': '36900', 'lr': '0.0002', 'total_loss': '0.0162068', 'main_loss': '0.0122071', 'aux_loss': '3.99972', 'time_per_step': '2.89236'}
2025-12-01 08:58:21,476 - train_greyscale_MoE.py - {'step': '37000', 'lr': '0.0002', 'total_loss': '0.0137799', 'main_loss': '0.0097879', 'aux_loss': '3.99201', 'time_per_step': '3.13965'}
2025-12-01 09:03:33,119 - train_greyscale_MoE.py - {'step': '37100', 'lr': '0.0002', 'total_loss': '0.0123341', 'main_loss': '0.00833519', 'aux_loss': '3.99893', 'time_per_step': '2.65982'}
2025-12-01 09:08:44,930 - train_greyscale_MoE.py - {'step': '37200', 'lr': '0.0002', 'total_loss': '0.0171967', 'main_loss': '0.0131987', 'aux_loss': '3.998', 'time_per_step': '2.99264'}
2025-12-01 09:13:57,011 - train_greyscale_MoE.py - {'step': '37300', 'lr': '0.0002', 'total_loss': '0.0150477', 'main_loss': '0.0110505', 'aux_loss': '3.9972', 'time_per_step': '2.86503'}
2025-12-01 09:19:09,256 - train_greyscale_MoE.py - {'step': '37400', 'lr': '0.0002', 'total_loss': '0.0164066', 'main_loss': '0.0124095', 'aux_loss': '3.99716', 'time_per_step': '2.99421'}
2025-12-01 09:24:21,626 - train_greyscale_MoE.py - {'step': '37500', 'lr': '0.0002', 'total_loss': '0.0191586', 'main_loss': '0.0151579', 'aux_loss': '4.00074', 'time_per_step': '2.90508'}
2025-12-01 09:29:33,110 - train_greyscale_MoE.py - {'step': '37600', 'lr': '0.0002', 'total_loss': '0.0208545', 'main_loss': '0.0168584', 'aux_loss': '3.99615', 'time_per_step': '2.89622'}
2025-12-01 09:34:44,902 - train_greyscale_MoE.py - {'step': '37700', 'lr': '0.0002', 'total_loss': '0.0212377', 'main_loss': '0.0172394', 'aux_loss': '3.99837', 'time_per_step': '3.26896'}
2025-12-01 09:39:56,810 - train_greyscale_MoE.py - {'step': '37800', 'lr': '0.0002', 'total_loss': '0.01567', 'main_loss': '0.0116728', 'aux_loss': '3.99719', 'time_per_step': '2.69952'}
2025-12-01 09:45:09,121 - train_greyscale_MoE.py - {'step': '37900', 'lr': '0.0002', 'total_loss': '0.0184397', 'main_loss': '0.0144438', 'aux_loss': '3.99597', 'time_per_step': '3.08339'}
2025-12-01 09:50:20,793 - train_greyscale_MoE.py - {'step': '38000', 'lr': '0.0002', 'total_loss': '0.017368', 'main_loss': '0.0133775', 'aux_loss': '3.99053', 'time_per_step': '3.07635'}
2025-12-01 09:55:32,391 - train_greyscale_MoE.py - {'step': '38100', 'lr': '0.0002', 'total_loss': '0.0155758', 'main_loss': '0.0115781', 'aux_loss': '3.99772', 'time_per_step': '3.11206'}
2025-12-01 10:00:43,075 - train_greyscale_MoE.py - {'step': '38200', 'lr': '0.0002', 'total_loss': '0.0197725', 'main_loss': '0.0157751', 'aux_loss': '3.9974', 'time_per_step': '3.03613'}
2025-12-01 10:05:56,455 - train_greyscale_MoE.py - {'step': '38300', 'lr': '0.0002', 'total_loss': '0.0125353', 'main_loss': '0.0085394', 'aux_loss': '3.99593', 'time_per_step': '2.75859'}
2025-12-01 10:11:09,595 - train_greyscale_MoE.py - {'step': '38400', 'lr': '0.0002', 'total_loss': '0.0252061', 'main_loss': '0.0212117', 'aux_loss': '3.99447', 'time_per_step': '2.8043'}
2025-12-01 10:16:22,017 - train_greyscale_MoE.py - {'step': '38500', 'lr': '0.0002', 'total_loss': '0.0160146', 'main_loss': '0.0120214', 'aux_loss': '3.99323', 'time_per_step': '2.75192'}
2025-12-01 10:21:33,872 - train_greyscale_MoE.py - {'step': '38600', 'lr': '0.0002', 'total_loss': '0.0140403', 'main_loss': '0.0100442', 'aux_loss': '3.99613', 'time_per_step': '3.16998'}
2025-12-01 10:26:47,126 - train_greyscale_MoE.py - {'step': '38700', 'lr': '0.0002', 'total_loss': '0.0151549', 'main_loss': '0.0111651', 'aux_loss': '3.98974', 'time_per_step': '2.82367'}
